Archive member included because of file (symbol)

c:/program files (x86)/gnu tools arm embedded/4.8 2014q3/bin/../lib/gcc/arm-none-eabi/4.8.4/armv7e-m\libgcc.a(_arm_addsubdf3.o)
                              ..\obj\tm_stm32f4_timer_properties.o (__aeabi_ui2d)
c:/program files (x86)/gnu tools arm embedded/4.8 2014q3/bin/../lib/gcc/arm-none-eabi/4.8.4/armv7e-m\libgcc.a(_arm_muldivdf3.o)
                              ..\obj\tm_stm32f4_hcsr04.o (__aeabi_dmul)
c:/program files (x86)/gnu tools arm embedded/4.8 2014q3/bin/../lib/gcc/arm-none-eabi/4.8.4/armv7e-m\libgcc.a(_arm_cmpdf2.o)
                              ..\obj\tm_stm32f4_timer_properties.o (__aeabi_dcmpeq)
c:/program files (x86)/gnu tools arm embedded/4.8 2014q3/bin/../lib/gcc/arm-none-eabi/4.8.4/armv7e-m\libgcc.a(_arm_fixunsdfsi.o)
                              ..\obj\tm_stm32f4_timer_properties.o (__aeabi_d2uiz)
c:/program files (x86)/gnu tools arm embedded/4.8 2014q3/bin/../lib/gcc/arm-none-eabi/4.8.4/armv7e-m\libgcc.a(_arm_truncdfsf2.o)
                              ..\obj\tm_stm32f4_hcsr04.o (__aeabi_d2f)
c:/program files (x86)/gnu tools arm embedded/4.8 2014q3/bin/../lib/gcc/arm-none-eabi/4.8.4/armv7e-m\libgcc.a(_arm_addsubsf3.o)
                              ..\obj\main.o (__aeabi_fsub)
c:/program files (x86)/gnu tools arm embedded/4.8 2014q3/bin/../lib/gcc/arm-none-eabi/4.8.4/armv7e-m\libgcc.a(_arm_muldivsf3.o)
                              ..\obj\main.o (__aeabi_fmul)
c:/program files (x86)/gnu tools arm embedded/4.8 2014q3/bin/../lib/gcc/arm-none-eabi/4.8.4/armv7e-m\libgcc.a(_arm_cmpsf2.o)
                              ..\obj\tm_stm32f4_hcsr04.o (__aeabi_fcmpge)
c:/program files (x86)/gnu tools arm embedded/4.8 2014q3/bin/../lib/gcc/arm-none-eabi/4.8.4/armv7e-m\libgcc.a(_arm_fixsfsi.o)
                              ..\obj\main.o (__aeabi_f2iz)
c:/program files (x86)/gnu tools arm embedded/4.8 2014q3/bin/../lib/gcc/arm-none-eabi/4.8.4/../../../../arm-none-eabi/lib/armv7e-m\libg.a(lib_a-errno.o)
                              ..\obj\syscalls.o (__errno)
c:/program files (x86)/gnu tools arm embedded/4.8 2014q3/bin/../lib/gcc/arm-none-eabi/4.8.4/../../../../arm-none-eabi/lib/armv7e-m\libg.a(lib_a-impure.o)
                              c:/program files (x86)/gnu tools arm embedded/4.8 2014q3/bin/../lib/gcc/arm-none-eabi/4.8.4/../../../../arm-none-eabi/lib/armv7e-m\libg.a(lib_a-errno.o) (_impure_ptr)
c:/program files (x86)/gnu tools arm embedded/4.8 2014q3/bin/../lib/gcc/arm-none-eabi/4.8.4/../../../../arm-none-eabi/lib/armv7e-m\libg.a(lib_a-malloc.o)
                              ..\obj\tm_stm32f4_button.o (malloc)
c:/program files (x86)/gnu tools arm embedded/4.8 2014q3/bin/../lib/gcc/arm-none-eabi/4.8.4/../../../../arm-none-eabi/lib/armv7e-m\libg.a(lib_a-mallocr.o)
                              c:/program files (x86)/gnu tools arm embedded/4.8 2014q3/bin/../lib/gcc/arm-none-eabi/4.8.4/../../../../arm-none-eabi/lib/armv7e-m\libg.a(lib_a-malloc.o) (_malloc_r)
c:/program files (x86)/gnu tools arm embedded/4.8 2014q3/bin/../lib/gcc/arm-none-eabi/4.8.4/../../../../arm-none-eabi/lib/armv7e-m\libg.a(lib_a-mlock.o)
                              c:/program files (x86)/gnu tools arm embedded/4.8 2014q3/bin/../lib/gcc/arm-none-eabi/4.8.4/../../../../arm-none-eabi/lib/armv7e-m\libg.a(lib_a-mallocr.o) (__malloc_lock)
c:/program files (x86)/gnu tools arm embedded/4.8 2014q3/bin/../lib/gcc/arm-none-eabi/4.8.4/../../../../arm-none-eabi/lib/armv7e-m\libg.a(lib_a-freer.o)
                              c:/program files (x86)/gnu tools arm embedded/4.8 2014q3/bin/../lib/gcc/arm-none-eabi/4.8.4/../../../../arm-none-eabi/lib/armv7e-m\libg.a(lib_a-malloc.o) (_free_r)

Allocating common symbols
Common symbol       size              file

CurrentPos          0x4               ..\obj\stm32f4_discovery_audio_codec.o
TM_HD44780_Opts     0x7               ..\obj\tm_stm32f4_hd44780.o
AUDIO_MAL_DMA_InitStructure
                    0x3c              ..\obj\stm32f4_discovery_audio_codec.o
mult                0x4               ..\obj\tm_stm32f4_delay.o
NVIC_InitStructure  0x4               ..\obj\stm32f4_discovery.o
DMA_InitStructure   0x3c              ..\obj\stm32f4_discovery_audio_codec.o

Discarded input sections

 .text          0x00000000        0x0 ..\obj\stm32f4xx_syscfg.o
 .data          0x00000000        0x0 ..\obj\stm32f4xx_syscfg.o
 .bss           0x00000000        0x0 ..\obj\stm32f4xx_syscfg.o
 .text.SYSCFG_DeInit
                0x00000000       0x1c ..\obj\stm32f4xx_syscfg.o
 .text.SYSCFG_MemoryRemapConfig
                0x00000000       0x20 ..\obj\stm32f4xx_syscfg.o
 .text.SYSCFG_EXTILineConfig
                0x00000000       0x7c ..\obj\stm32f4xx_syscfg.o
 .text.SYSCFG_ETH_MediaInterfaceConfig
                0x00000000       0x1c ..\obj\stm32f4xx_syscfg.o
 .text.SYSCFG_CompensationCellCmd
                0x00000000       0x20 ..\obj\stm32f4xx_syscfg.o
 .text.SYSCFG_GetCompensationCellStatus
                0x00000000       0x34 ..\obj\stm32f4xx_syscfg.o
 .debug_info    0x00000000      0x26c ..\obj\stm32f4xx_syscfg.o
 .debug_abbrev  0x00000000      0x131 ..\obj\stm32f4xx_syscfg.o
 .debug_aranges
                0x00000000       0x48 ..\obj\stm32f4xx_syscfg.o
 .debug_ranges  0x00000000       0x38 ..\obj\stm32f4xx_syscfg.o
 .debug_line    0x00000000      0x20e ..\obj\stm32f4xx_syscfg.o
 .debug_str     0x00000000      0x2ec ..\obj\stm32f4xx_syscfg.o
 .comment       0x00000000       0x71 ..\obj\stm32f4xx_syscfg.o
 .ARM.attributes
                0x00000000       0x33 ..\obj\stm32f4xx_syscfg.o
 .debug_frame   0x00000000       0xbc ..\obj\stm32f4xx_syscfg.o
 .text          0x00000000        0x0 ..\obj\tm_stm32f4_hd44780.o
 .data          0x00000000        0x0 ..\obj\tm_stm32f4_hd44780.o
 .bss           0x00000000        0x0 ..\obj\tm_stm32f4_hd44780.o
 .text.TM_HD44780_DisplayOff
                0x00000000       0x28 ..\obj\tm_stm32f4_hd44780.o
 .text.TM_HD44780_BlinkOn
                0x00000000       0x28 ..\obj\tm_stm32f4_hd44780.o
 .text.TM_HD44780_BlinkOff
                0x00000000       0x28 ..\obj\tm_stm32f4_hd44780.o
 .text.TM_HD44780_CursorOn
                0x00000000       0x28 ..\obj\tm_stm32f4_hd44780.o
 .text.TM_HD44780_CursorOff
                0x00000000       0x28 ..\obj\tm_stm32f4_hd44780.o
 .text.TM_HD44780_ScrollLeft
                0x00000000        0xc ..\obj\tm_stm32f4_hd44780.o
 .text.TM_HD44780_ScrollRight
                0x00000000        0xc ..\obj\tm_stm32f4_hd44780.o
 .text.TM_HD44780_CreateChar
                0x00000000       0x50 ..\obj\tm_stm32f4_hd44780.o
 .text.TM_HD44780_PutCustom
                0x00000000       0x2c ..\obj\tm_stm32f4_hd44780.o
 .text          0x00000000        0x0 ..\obj\stm32f4_discovery_audio_codec.o
 .bss           0x00000000        0x8 ..\obj\stm32f4_discovery_audio_codec.o
 .text.EVAL_AUDIO_SetAudioInterface
                0x00000000      0x100 ..\obj\stm32f4_discovery_audio_codec.o
 .text.EVAL_AUDIO_Init
                0x00000000       0x58 ..\obj\stm32f4_discovery_audio_codec.o
 .text.EVAL_AUDIO_DeInit
                0x00000000       0x14 ..\obj\stm32f4_discovery_audio_codec.o
 .text.EVAL_AUDIO_Play
                0x00000000       0x78 ..\obj\stm32f4_discovery_audio_codec.o
 .text.EVAL_AUDIO_PauseResume
                0x00000000       0x2c ..\obj\stm32f4_discovery_audio_codec.o
 .text.EVAL_AUDIO_Stop
                0x00000000       0x38 ..\obj\stm32f4_discovery_audio_codec.o
 .text.EVAL_AUDIO_VolumeCtl
                0x00000000       0x40 ..\obj\stm32f4_discovery_audio_codec.o
 .text.EVAL_AUDIO_Mute
                0x00000000       0x18 ..\obj\stm32f4_discovery_audio_codec.o
 .text.Codec_Init
                0x00000000      0x158 ..\obj\stm32f4_discovery_audio_codec.o
 .text.Codec_DeInit
                0x00000000       0x34 ..\obj\stm32f4_discovery_audio_codec.o
 .text.Codec_Play
                0x00000000       0x10 ..\obj\stm32f4_discovery_audio_codec.o
 .text.Codec_PauseResume
                0x00000000       0x74 ..\obj\stm32f4_discovery_audio_codec.o
 .text.Codec_Stop
                0x00000000       0x5c ..\obj\stm32f4_discovery_audio_codec.o
 .text.Codec_VolumeCtrl
                0x00000000       0x78 ..\obj\stm32f4_discovery_audio_codec.o
 .text.Codec_Mute
                0x00000000       0x48 ..\obj\stm32f4_discovery_audio_codec.o
 .text.Codec_Reset
                0x00000000       0x28 ..\obj\stm32f4_discovery_audio_codec.o
 .text.Codec_WriteRegister
                0x00000000      0x160 ..\obj\stm32f4_discovery_audio_codec.o
 .text.Codec_ReadRegister
                0x00000000      0x208 ..\obj\stm32f4_discovery_audio_codec.o
 .text.Codec_CtrlInterface_Init
                0x00000000       0x54 ..\obj\stm32f4_discovery_audio_codec.o
 .text.Codec_CtrlInterface_DeInit
                0x00000000        0xc ..\obj\stm32f4_discovery_audio_codec.o
 .text.Codec_AudioInterface_Init
                0x00000000       0x80 ..\obj\stm32f4_discovery_audio_codec.o
 .text.Codec_AudioInterface_DeInit
                0x00000000       0x24 ..\obj\stm32f4_discovery_audio_codec.o
 .text.Codec_GPIO_Init
                0x00000000      0x120 ..\obj\stm32f4_discovery_audio_codec.o
 .text.Codec_GPIO_DeInit
                0x00000000       0x78 ..\obj\stm32f4_discovery_audio_codec.o
 .text.Delay    0x00000000       0x20 ..\obj\stm32f4_discovery_audio_codec.o
 .text.Audio_MAL_Init
                0x00000000      0x130 ..\obj\stm32f4_discovery_audio_codec.o
 .text.Audio_MAL_DeInit
                0x00000000       0x48 ..\obj\stm32f4_discovery_audio_codec.o
 .text.Audio_MAL_Play
                0x00000000       0x8c ..\obj\stm32f4_discovery_audio_codec.o
 .text.Audio_MAL_PauseResume
                0x00000000       0x64 ..\obj\stm32f4_discovery_audio_codec.o
 .text.Audio_MAL_Stop
                0x00000000       0x54 ..\obj\stm32f4_discovery_audio_codec.o
 .text.DAC_Config
                0x00000000       0x5c ..\obj\stm32f4_discovery_audio_codec.o
 .text          0x00000000        0x0 ..\obj\stm32f4xx_dac.o
 .data          0x00000000        0x0 ..\obj\stm32f4xx_dac.o
 .bss           0x00000000        0x0 ..\obj\stm32f4xx_dac.o
 .text.DAC_DeInit
                0x00000000       0x1c ..\obj\stm32f4xx_dac.o
 .text.DAC_Init
                0x00000000       0x64 ..\obj\stm32f4xx_dac.o
 .text.DAC_StructInit
                0x00000000       0x2c ..\obj\stm32f4xx_dac.o
 .text.DAC_Cmd  0x00000000       0x48 ..\obj\stm32f4xx_dac.o
 .text.DAC_SoftwareTriggerCmd
                0x00000000       0x4c ..\obj\stm32f4xx_dac.o
 .text.DAC_DualSoftwareTriggerCmd
                0x00000000       0x38 ..\obj\stm32f4xx_dac.o
 .text.DAC_WaveGenerationCmd
                0x00000000       0x4c ..\obj\stm32f4xx_dac.o
 .text.DAC_SetChannel2Data
                0x00000000       0x34 ..\obj\stm32f4xx_dac.o
 .text.DAC_SetDualChannelData
                0x00000000       0x58 ..\obj\stm32f4xx_dac.o
 .text.DAC_GetDataOutputValue
                0x00000000       0x34 ..\obj\stm32f4xx_dac.o
 .text.DAC_DMACmd
                0x00000000       0x4c ..\obj\stm32f4xx_dac.o
 .text.DAC_ITConfig
                0x00000000       0x4c ..\obj\stm32f4xx_dac.o
 .text.DAC_GetFlagStatus
                0x00000000       0x3c ..\obj\stm32f4xx_dac.o
 .text.DAC_ClearFlag
                0x00000000       0x24 ..\obj\stm32f4xx_dac.o
 .text.DAC_GetITStatus
                0x00000000       0x58 ..\obj\stm32f4xx_dac.o
 .text.DAC_ClearITPendingBit
                0x00000000       0x24 ..\obj\stm32f4xx_dac.o
 .text          0x00000000        0x0 ..\obj\startup_stm32f4xx.o
 .data          0x00000000        0x0 ..\obj\startup_stm32f4xx.o
 .bss           0x00000000        0x0 ..\obj\startup_stm32f4xx.o
 .text          0x00000000        0x0 ..\obj\stm32f4_discovery.o
 .data          0x00000000       0x14 ..\obj\stm32f4_discovery.o
 .bss           0x00000000        0x0 ..\obj\stm32f4_discovery.o
 .rodata        0x00000000       0x30 ..\obj\stm32f4_discovery.o
 .text.STM_EVAL_LEDInit
                0x00000000       0x5c ..\obj\stm32f4_discovery.o
 .text.STM_EVAL_LEDOn
                0x00000000       0x30 ..\obj\stm32f4_discovery.o
 .text.STM_EVAL_LEDOff
                0x00000000       0x30 ..\obj\stm32f4_discovery.o
 .text.STM_EVAL_LEDToggle
                0x00000000       0x3c ..\obj\stm32f4_discovery.o
 .text.STM_EVAL_PBInit
                0x00000000       0x94 ..\obj\stm32f4_discovery.o
 .text.STM_EVAL_PBGetState
                0x00000000       0x2c ..\obj\stm32f4_discovery.o
 .debug_info    0x00000000      0x889 ..\obj\stm32f4_discovery.o
 .debug_abbrev  0x00000000      0x183 ..\obj\stm32f4_discovery.o
 .debug_aranges
                0x00000000       0x48 ..\obj\stm32f4_discovery.o
 .debug_ranges  0x00000000       0x38 ..\obj\stm32f4_discovery.o
 .debug_line    0x00000000      0x298 ..\obj\stm32f4_discovery.o
 .debug_str     0x00000000      0xb2f ..\obj\stm32f4_discovery.o
 .comment       0x00000000       0x71 ..\obj\stm32f4_discovery.o
 .ARM.attributes
                0x00000000       0x33 ..\obj\stm32f4_discovery.o
 .debug_frame   0x00000000       0xc4 ..\obj\stm32f4_discovery.o
 COMMON         0x00000000        0x4 ..\obj\stm32f4_discovery.o
 .text          0x00000000        0x0 ..\obj\main.o
 .data          0x00000000        0x0 ..\obj\main.o
 .text.counter  0x00000000       0x14 ..\obj\main.o
 .text          0x00000000        0x0 ..\obj\tm_stm32f4_button.o
 .data          0x00000000        0x0 ..\obj\tm_stm32f4_button.o
 .text.TM_BUTTON_SetPressTime
                0x00000000       0x2c ..\obj\tm_stm32f4_button.o
 .text.TM_BUTTON_Update
                0x00000000       0x34 ..\obj\tm_stm32f4_button.o
 .text.TM_BUTTON_INT_CheckButton
                0x00000000       0xf8 ..\obj\tm_stm32f4_button.o
 .text          0x00000000        0x0 ..\obj\stm32f4xx_rcc.o
 .data          0x00000000       0x10 ..\obj\stm32f4xx_rcc.o
 .bss           0x00000000        0x0 ..\obj\stm32f4xx_rcc.o
 .text.RCC_DeInit
                0x00000000       0x50 ..\obj\stm32f4xx_rcc.o
 .text.RCC_HSEConfig
                0x00000000       0x24 ..\obj\stm32f4xx_rcc.o
 .text.RCC_WaitForHSEStartUp
                0x00000000       0x50 ..\obj\stm32f4xx_rcc.o
 .text.RCC_AdjustHSICalibrationValue
                0x00000000       0x3c ..\obj\stm32f4xx_rcc.o
 .text.RCC_HSICmd
                0x00000000       0x20 ..\obj\stm32f4xx_rcc.o
 .text.RCC_LSEConfig
                0x00000000       0x40 ..\obj\stm32f4xx_rcc.o
 .text.RCC_LSICmd
                0x00000000       0x20 ..\obj\stm32f4xx_rcc.o
 .text.RCC_PLLConfig
                0x00000000       0x3c ..\obj\stm32f4xx_rcc.o
 .text.RCC_PLLCmd
                0x00000000       0x20 ..\obj\stm32f4xx_rcc.o
 .text.RCC_PLLI2SConfig
                0x00000000       0x28 ..\obj\stm32f4xx_rcc.o
 .text.RCC_PLLI2SCmd
                0x00000000       0x20 ..\obj\stm32f4xx_rcc.o
 .text.RCC_ClockSecuritySystemCmd
                0x00000000       0x20 ..\obj\stm32f4xx_rcc.o
 .text.RCC_MCO1Config
                0x00000000       0x3c ..\obj\stm32f4xx_rcc.o
 .text.RCC_MCO2Config
                0x00000000       0x3c ..\obj\stm32f4xx_rcc.o
 .text.RCC_SYSCLKConfig
                0x00000000       0x38 ..\obj\stm32f4xx_rcc.o
 .text.RCC_GetSYSCLKSource
                0x00000000       0x20 ..\obj\stm32f4xx_rcc.o
 .text.RCC_HCLKConfig
                0x00000000       0x38 ..\obj\stm32f4xx_rcc.o
 .text.RCC_PCLK1Config
                0x00000000       0x38 ..\obj\stm32f4xx_rcc.o
 .text.RCC_PCLK2Config
                0x00000000       0x38 ..\obj\stm32f4xx_rcc.o
 .text.RCC_GetClocksFreq
                0x00000000      0x154 ..\obj\stm32f4xx_rcc.o
 .text.RCC_RTCCLKConfig
                0x00000000       0x5c ..\obj\stm32f4xx_rcc.o
 .text.RCC_RTCCLKCmd
                0x00000000       0x20 ..\obj\stm32f4xx_rcc.o
 .text.RCC_BackupResetCmd
                0x00000000       0x20 ..\obj\stm32f4xx_rcc.o
 .text.RCC_I2SCLKConfig
                0x00000000       0x1c ..\obj\stm32f4xx_rcc.o
 .text.RCC_AHB1PeriphClockCmd
                0x00000000       0x3c ..\obj\stm32f4xx_rcc.o
 .text.RCC_AHB2PeriphClockCmd
                0x00000000       0x3c ..\obj\stm32f4xx_rcc.o
 .text.RCC_AHB3PeriphClockCmd
                0x00000000       0x3c ..\obj\stm32f4xx_rcc.o
 .text.RCC_APB1PeriphClockCmd
                0x00000000       0x3c ..\obj\stm32f4xx_rcc.o
 .text.RCC_APB2PeriphClockCmd
                0x00000000       0x3c ..\obj\stm32f4xx_rcc.o
 .text.RCC_AHB1PeriphResetCmd
                0x00000000       0x3c ..\obj\stm32f4xx_rcc.o
 .text.RCC_AHB2PeriphResetCmd
                0x00000000       0x3c ..\obj\stm32f4xx_rcc.o
 .text.RCC_AHB3PeriphResetCmd
                0x00000000       0x3c ..\obj\stm32f4xx_rcc.o
 .text.RCC_APB1PeriphResetCmd
                0x00000000       0x3c ..\obj\stm32f4xx_rcc.o
 .text.RCC_APB2PeriphResetCmd
                0x00000000       0x3c ..\obj\stm32f4xx_rcc.o
 .text.RCC_AHB1PeriphClockLPModeCmd
                0x00000000       0x3c ..\obj\stm32f4xx_rcc.o
 .text.RCC_AHB2PeriphClockLPModeCmd
                0x00000000       0x3c ..\obj\stm32f4xx_rcc.o
 .text.RCC_AHB3PeriphClockLPModeCmd
                0x00000000       0x3c ..\obj\stm32f4xx_rcc.o
 .text.RCC_APB1PeriphClockLPModeCmd
                0x00000000       0x3c ..\obj\stm32f4xx_rcc.o
 .text.RCC_APB2PeriphClockLPModeCmd
                0x00000000       0x3c ..\obj\stm32f4xx_rcc.o
 .text.RCC_ITConfig
                0x00000000       0x48 ..\obj\stm32f4xx_rcc.o
 .text.RCC_GetFlagStatus
                0x00000000       0x74 ..\obj\stm32f4xx_rcc.o
 .text.RCC_ClearFlag
                0x00000000       0x1c ..\obj\stm32f4xx_rcc.o
 .text.RCC_GetITStatus
                0x00000000       0x38 ..\obj\stm32f4xx_rcc.o
 .text.RCC_ClearITPendingBit
                0x00000000       0x20 ..\obj\stm32f4xx_rcc.o
 .debug_info    0x00000000      0xc4d ..\obj\stm32f4xx_rcc.o
 .debug_abbrev  0x00000000      0x1e3 ..\obj\stm32f4xx_rcc.o
 .debug_aranges
                0x00000000      0x178 ..\obj\stm32f4xx_rcc.o
 .debug_ranges  0x00000000      0x168 ..\obj\stm32f4xx_rcc.o
 .debug_line    0x00000000      0x589 ..\obj\stm32f4xx_rcc.o
 .debug_str     0x00000000      0x848 ..\obj\stm32f4xx_rcc.o
 .comment       0x00000000       0x71 ..\obj\stm32f4xx_rcc.o
 .ARM.attributes
                0x00000000       0x33 ..\obj\stm32f4xx_rcc.o
 .debug_frame   0x00000000      0x4d8 ..\obj\stm32f4xx_rcc.o
 .text          0x00000000        0x0 ..\obj\tm_stm32f4_hcsr04.o
 .data          0x00000000        0x0 ..\obj\tm_stm32f4_hcsr04.o
 .bss           0x00000000        0x0 ..\obj\tm_stm32f4_hcsr04.o
 .text          0x00000000        0x0 ..\obj\tm_stm32f4_delay.o
 .data          0x00000000        0x0 ..\obj\tm_stm32f4_delay.o
 .text.TM_DELAY_EnableDelayTimer
                0x00000000       0x2c ..\obj\tm_stm32f4_delay.o
 .text.TM_DELAY_DisableDelayTimer
                0x00000000       0x1c ..\obj\tm_stm32f4_delay.o
 .text.TM_DELAY_TimerCreate
                0x00000000       0x78 ..\obj\tm_stm32f4_delay.o
 .text.TM_DELAY_TimerDelete
                0x00000000       0x80 ..\obj\tm_stm32f4_delay.o
 .text.TM_DELAY_TimerStop
                0x00000000       0x1c ..\obj\tm_stm32f4_delay.o
 .text.TM_DELAY_TimerStart
                0x00000000       0x1c ..\obj\tm_stm32f4_delay.o
 .text.TM_DELAY_TimerReset
                0x00000000       0x20 ..\obj\tm_stm32f4_delay.o
 .text.TM_DELAY_TimerAutoReload
                0x00000000       0x20 ..\obj\tm_stm32f4_delay.o
 .text.TM_DELAY_TimerAutoReloadValue
                0x00000000       0x20 ..\obj\tm_stm32f4_delay.o
 .text          0x00000000        0x0 ..\obj\stm32f4xx_gpio.o
 .data          0x00000000        0x0 ..\obj\stm32f4xx_gpio.o
 .bss           0x00000000        0x0 ..\obj\stm32f4xx_gpio.o
 .text.GPIO_DeInit
                0x00000000      0x120 ..\obj\stm32f4xx_gpio.o
 .text.GPIO_Init
                0x00000000      0x11c ..\obj\stm32f4xx_gpio.o
 .text.GPIO_StructInit
                0x00000000       0x34 ..\obj\stm32f4xx_gpio.o
 .text.GPIO_PinLockConfig
                0x00000000       0x44 ..\obj\stm32f4xx_gpio.o
 .text.GPIO_ReadInputDataBit
                0x00000000       0x34 ..\obj\stm32f4xx_gpio.o
 .text.GPIO_ReadInputData
                0x00000000       0x1c ..\obj\stm32f4xx_gpio.o
 .text.GPIO_ReadOutputDataBit
                0x00000000       0x34 ..\obj\stm32f4xx_gpio.o
 .text.GPIO_ReadOutputData
                0x00000000       0x1c ..\obj\stm32f4xx_gpio.o
 .text.GPIO_SetBits
                0x00000000       0x1c ..\obj\stm32f4xx_gpio.o
 .text.GPIO_ResetBits
                0x00000000       0x1c ..\obj\stm32f4xx_gpio.o
 .text.GPIO_WriteBit
                0x00000000       0x30 ..\obj\stm32f4xx_gpio.o
 .text.GPIO_Write
                0x00000000       0x1c ..\obj\stm32f4xx_gpio.o
 .text.GPIO_ToggleBits
                0x00000000       0x24 ..\obj\stm32f4xx_gpio.o
 .text.GPIO_PinAFConfig
                0x00000000       0x8c ..\obj\stm32f4xx_gpio.o
 .debug_info    0x00000000      0x602 ..\obj\stm32f4xx_gpio.o
 .debug_abbrev  0x00000000      0x1a3 ..\obj\stm32f4xx_gpio.o
 .debug_aranges
                0x00000000       0x88 ..\obj\stm32f4xx_gpio.o
 .debug_ranges  0x00000000       0x78 ..\obj\stm32f4xx_gpio.o
 .debug_line    0x00000000      0x32e ..\obj\stm32f4xx_gpio.o
 .debug_str     0x00000000      0x49b ..\obj\stm32f4xx_gpio.o
 .comment       0x00000000       0x71 ..\obj\stm32f4xx_gpio.o
 .ARM.attributes
                0x00000000       0x33 ..\obj\stm32f4xx_gpio.o
 .debug_frame   0x00000000      0x19c ..\obj\stm32f4xx_gpio.o
 .text          0x00000000        0x0 ..\obj\system_stm32f4xx.o
 .bss           0x00000000        0x0 ..\obj\system_stm32f4xx.o
 .text.SystemCoreClockUpdate
                0x00000000       0xf8 ..\obj\system_stm32f4xx.o
 .text          0x00000000        0x0 ..\obj\syscalls.o
 .data          0x00000000        0x0 ..\obj\syscalls.o
 .text._read_r  0x00000000       0x64 ..\obj\syscalls.o
 .text._write_r
                0x00000000       0x4c ..\obj\syscalls.o
 .text._close_r
                0x00000000       0x18 ..\obj\syscalls.o
 .text._lseek_r
                0x00000000       0x1c ..\obj\syscalls.o
 .text._fstat_r
                0x00000000       0x24 ..\obj\syscalls.o
 .text.isatty   0x00000000       0x18 ..\obj\syscalls.o
 .text._exit    0x00000000        0xc ..\obj\syscalls.o
 .text._getpid  0x00000000       0x18 ..\obj\syscalls.o
 .text._kill    0x00000000       0x18 ..\obj\syscalls.o
 .text._sbrk    0x00000000       0x58 ..\obj\syscalls.o
 .text._open    0x00000000       0x1c ..\obj\syscalls.o
 .text._close   0x00000000       0x18 ..\obj\syscalls.o
 .text._fstat   0x00000000       0x20 ..\obj\syscalls.o
 .text._isatty  0x00000000       0x18 ..\obj\syscalls.o
 .text._lseek   0x00000000       0x1c ..\obj\syscalls.o
 .text._read    0x00000000       0x24 ..\obj\syscalls.o
 .text._write   0x00000000       0x38 ..\obj\syscalls.o
 .text          0x00000000        0x0 ..\obj\stm32f4xx_dma.o
 .data          0x00000000        0x0 ..\obj\stm32f4xx_dma.o
 .bss           0x00000000        0x0 ..\obj\stm32f4xx_dma.o
 .text.DMA_DeInit
                0x00000000      0x1a4 ..\obj\stm32f4xx_dma.o
 .text.DMA_StructInit
                0x00000000       0x6c ..\obj\stm32f4xx_dma.o
 .text.DMA_PeriphIncOffsetSizeConfig
                0x00000000       0x34 ..\obj\stm32f4xx_dma.o
 .text.DMA_FlowControllerConfig
                0x00000000       0x34 ..\obj\stm32f4xx_dma.o
 .text.DMA_SetCurrDataCounter
                0x00000000       0x1c ..\obj\stm32f4xx_dma.o
 .text.DMA_GetCurrDataCounter
                0x00000000       0x1c ..\obj\stm32f4xx_dma.o
 .text.DMA_DoubleBufferModeConfig
                0x00000000       0x3c ..\obj\stm32f4xx_dma.o
 .text.DMA_DoubleBufferModeCmd
                0x00000000       0x38 ..\obj\stm32f4xx_dma.o
 .text.DMA_MemoryTargetConfig
                0x00000000       0x2c ..\obj\stm32f4xx_dma.o
 .text.DMA_GetCurrentMemoryTarget
                0x00000000       0x30 ..\obj\stm32f4xx_dma.o
 .text.DMA_GetFIFOStatus
                0x00000000       0x24 ..\obj\stm32f4xx_dma.o
 .text.DMA_ITConfig
                0x00000000       0x74 ..\obj\stm32f4xx_dma.o
 .text.DMA_GetITStatus
                0x00000000       0xb0 ..\obj\stm32f4xx_dma.o
 .text.DMA_ClearITPendingBit
                0x00000000       0x5c ..\obj\stm32f4xx_dma.o
 .text          0x00000000        0x0 ..\obj\stm32f4_discovery_callbacks.o
 .data          0x00000000        0x0 ..\obj\stm32f4_discovery_callbacks.o
 .bss           0x00000000        0x0 ..\obj\stm32f4_discovery_callbacks.o
 .text          0x00000000        0x0 ..\obj\stm32f4xx_spi.o
 .data          0x00000000        0x0 ..\obj\stm32f4xx_spi.o
 .bss           0x00000000        0x0 ..\obj\stm32f4xx_spi.o
 .text.SPI_I2S_DeInit
                0x00000000       0x74 ..\obj\stm32f4xx_spi.o
 .text.SPI_Init
                0x00000000       0x88 ..\obj\stm32f4xx_spi.o
 .text.I2S_Init
                0x00000000      0x1b0 ..\obj\stm32f4xx_spi.o
 .text.SPI_StructInit
                0x00000000       0x48 ..\obj\stm32f4xx_spi.o
 .text.I2S_StructInit
                0x00000000       0x38 ..\obj\stm32f4xx_spi.o
 .text.SPI_Cmd  0x00000000       0x40 ..\obj\stm32f4xx_spi.o
 .text.I2S_Cmd  0x00000000       0x40 ..\obj\stm32f4xx_spi.o
 .text.SPI_DataSizeConfig
                0x00000000       0x38 ..\obj\stm32f4xx_spi.o
 .text.SPI_BiDirectionalLineConfig
                0x00000000       0x40 ..\obj\stm32f4xx_spi.o
 .text.SPI_NSSInternalSoftwareConfig
                0x00000000       0x44 ..\obj\stm32f4xx_spi.o
 .text.SPI_SSOutputCmd
                0x00000000       0x40 ..\obj\stm32f4xx_spi.o
 .text.SPI_TIModeCmd
                0x00000000       0x40 ..\obj\stm32f4xx_spi.o
 .text.I2S_FullDuplexConfig
                0x00000000       0x9c ..\obj\stm32f4xx_spi.o
 .text.SPI_I2S_ReceiveData
                0x00000000       0x1c ..\obj\stm32f4xx_spi.o
 .text.SPI_CalculateCRC
                0x00000000       0x40 ..\obj\stm32f4xx_spi.o
 .text.SPI_TransmitCRC
                0x00000000       0x24 ..\obj\stm32f4xx_spi.o
 .text.SPI_GetCRC
                0x00000000       0x34 ..\obj\stm32f4xx_spi.o
 .text.SPI_GetCRCPolynomial
                0x00000000       0x1c ..\obj\stm32f4xx_spi.o
 .text.SPI_I2S_DMACmd
                0x00000000       0x48 ..\obj\stm32f4xx_spi.o
 .text.SPI_I2S_ITConfig
                0x00000000       0x60 ..\obj\stm32f4xx_spi.o
 .text.SPI_I2S_ClearFlag
                0x00000000       0x20 ..\obj\stm32f4xx_spi.o
 .text.SPI_I2S_GetITStatus
                0x00000000       0x78 ..\obj\stm32f4xx_spi.o
 .text.SPI_I2S_ClearITPendingBit
                0x00000000       0x34 ..\obj\stm32f4xx_spi.o
 .text          0x00000000        0x0 ..\obj\stm32f4xx_i2c.o
 .data          0x00000000        0x0 ..\obj\stm32f4xx_i2c.o
 .bss           0x00000000        0x0 ..\obj\stm32f4xx_i2c.o
 .text.I2C_DeInit
                0x00000000       0x74 ..\obj\stm32f4xx_i2c.o
 .text.I2C_Init
                0x00000000      0x184 ..\obj\stm32f4xx_i2c.o
 .text.I2C_StructInit
                0x00000000       0x3c ..\obj\stm32f4xx_i2c.o
 .text.I2C_Cmd  0x00000000       0x40 ..\obj\stm32f4xx_i2c.o
 .text.I2C_GenerateSTART
                0x00000000       0x40 ..\obj\stm32f4xx_i2c.o
 .text.I2C_GenerateSTOP
                0x00000000       0x40 ..\obj\stm32f4xx_i2c.o
 .text.I2C_Send7bitAddress
                0x00000000       0x3c ..\obj\stm32f4xx_i2c.o
 .text.I2C_AcknowledgeConfig
                0x00000000       0x40 ..\obj\stm32f4xx_i2c.o
 .text.I2C_OwnAddress2Config
                0x00000000       0x40 ..\obj\stm32f4xx_i2c.o
 .text.I2C_DualAddressCmd
                0x00000000       0x40 ..\obj\stm32f4xx_i2c.o
 .text.I2C_GeneralCallCmd
                0x00000000       0x40 ..\obj\stm32f4xx_i2c.o
 .text.I2C_SoftwareResetCmd
                0x00000000       0x44 ..\obj\stm32f4xx_i2c.o
 .text.I2C_StretchClockCmd
                0x00000000       0x40 ..\obj\stm32f4xx_i2c.o
 .text.I2C_FastModeDutyCycleConfig
                0x00000000       0x40 ..\obj\stm32f4xx_i2c.o
 .text.I2C_NACKPositionConfig
                0x00000000       0x40 ..\obj\stm32f4xx_i2c.o
 .text.I2C_SMBusAlertConfig
                0x00000000       0x40 ..\obj\stm32f4xx_i2c.o
 .text.I2C_ARPCmd
                0x00000000       0x40 ..\obj\stm32f4xx_i2c.o
 .text.I2C_SendData
                0x00000000       0x20 ..\obj\stm32f4xx_i2c.o
 .text.I2C_ReceiveData
                0x00000000       0x1c ..\obj\stm32f4xx_i2c.o
 .text.I2C_TransmitPEC
                0x00000000       0x40 ..\obj\stm32f4xx_i2c.o
 .text.I2C_PECPositionConfig
                0x00000000       0x40 ..\obj\stm32f4xx_i2c.o
 .text.I2C_CalculatePEC
                0x00000000       0x40 ..\obj\stm32f4xx_i2c.o
 .text.I2C_GetPEC
                0x00000000       0x20 ..\obj\stm32f4xx_i2c.o
 .text.I2C_DMACmd
                0x00000000       0x40 ..\obj\stm32f4xx_i2c.o
 .text.I2C_DMALastTransferCmd
                0x00000000       0x40 ..\obj\stm32f4xx_i2c.o
 .text.I2C_ReadRegister
                0x00000000       0x30 ..\obj\stm32f4xx_i2c.o
 .text.I2C_ITConfig
                0x00000000       0x48 ..\obj\stm32f4xx_i2c.o
 .text.I2C_CheckEvent
                0x00000000       0x60 ..\obj\stm32f4xx_i2c.o
 .text.I2C_GetLastEvent
                0x00000000       0x44 ..\obj\stm32f4xx_i2c.o
 .text.I2C_GetFlagStatus
                0x00000000       0x68 ..\obj\stm32f4xx_i2c.o
 .text.I2C_ClearFlag
                0x00000000       0x2c ..\obj\stm32f4xx_i2c.o
 .text.I2C_GetITStatus
                0x00000000       0x5c ..\obj\stm32f4xx_i2c.o
 .text.I2C_ClearITPendingBit
                0x00000000       0x2c ..\obj\stm32f4xx_i2c.o
 .debug_info    0x00000000      0xaf4 ..\obj\stm32f4xx_i2c.o
 .debug_abbrev  0x00000000      0x164 ..\obj\stm32f4xx_i2c.o
 .debug_aranges
                0x00000000      0x120 ..\obj\stm32f4xx_i2c.o
 .debug_ranges  0x00000000      0x110 ..\obj\stm32f4xx_i2c.o
 .debug_line    0x00000000      0x4ca ..\obj\stm32f4xx_i2c.o
 .debug_str     0x00000000      0x65d ..\obj\stm32f4xx_i2c.o
 .comment       0x00000000       0x71 ..\obj\stm32f4xx_i2c.o
 .ARM.attributes
                0x00000000       0x33 ..\obj\stm32f4xx_i2c.o
 .debug_frame   0x00000000      0x3b4 ..\obj\stm32f4xx_i2c.o
 .text          0x00000000        0x0 ..\obj\stm32f4xx_exti.o
 .data          0x00000000        0x0 ..\obj\stm32f4xx_exti.o
 .bss           0x00000000        0x0 ..\obj\stm32f4xx_exti.o
 .text.EXTI_DeInit
                0x00000000       0x34 ..\obj\stm32f4xx_exti.o
 .text.EXTI_Init
                0x00000000       0xdc ..\obj\stm32f4xx_exti.o
 .text.EXTI_StructInit
                0x00000000       0x2c ..\obj\stm32f4xx_exti.o
 .text.EXTI_GenerateSWInterrupt
                0x00000000       0x24 ..\obj\stm32f4xx_exti.o
 .text.EXTI_GetFlagStatus
                0x00000000       0x34 ..\obj\stm32f4xx_exti.o
 .text.EXTI_ClearFlag
                0x00000000       0x1c ..\obj\stm32f4xx_exti.o
 .text.EXTI_GetITStatus
                0x00000000       0x48 ..\obj\stm32f4xx_exti.o
 .text.EXTI_ClearITPendingBit
                0x00000000       0x1c ..\obj\stm32f4xx_exti.o
 .debug_info    0x00000000      0x347 ..\obj\stm32f4xx_exti.o
 .debug_abbrev  0x00000000      0x1a5 ..\obj\stm32f4xx_exti.o
 .debug_aranges
                0x00000000       0x58 ..\obj\stm32f4xx_exti.o
 .debug_ranges  0x00000000       0x48 ..\obj\stm32f4xx_exti.o
 .debug_line    0x00000000      0x294 ..\obj\stm32f4xx_exti.o
 .debug_str     0x00000000      0x351 ..\obj\stm32f4xx_exti.o
 .comment       0x00000000       0x71 ..\obj\stm32f4xx_exti.o
 .ARM.attributes
                0x00000000       0x33 ..\obj\stm32f4xx_exti.o
 .debug_frame   0x00000000       0xec ..\obj\stm32f4xx_exti.o
 .text          0x00000000        0x0 ..\obj\misc.o
 .data          0x00000000        0x0 ..\obj\misc.o
 .bss           0x00000000        0x0 ..\obj\misc.o
 .text.NVIC_PriorityGroupConfig
                0x00000000       0x24 ..\obj\misc.o
 .text.NVIC_Init
                0x00000000       0xbc ..\obj\misc.o
 .text.NVIC_SetVectorTable
                0x00000000       0x2c ..\obj\misc.o
 .text.NVIC_SystemLPConfig
                0x00000000       0x40 ..\obj\misc.o
 .text.SysTick_CLKSourceConfig
                0x00000000       0x38 ..\obj\misc.o
 .debug_info    0x00000000      0x53d ..\obj\misc.o
 .debug_abbrev  0x00000000      0x145 ..\obj\misc.o
 .debug_aranges
                0x00000000       0x40 ..\obj\misc.o
 .debug_ranges  0x00000000       0x30 ..\obj\misc.o
 .debug_line    0x00000000      0x234 ..\obj\misc.o
 .debug_str     0x00000000      0x3c6 ..\obj\misc.o
 .comment       0x00000000       0x71 ..\obj\misc.o
 .ARM.attributes
                0x00000000       0x33 ..\obj\misc.o
 .debug_frame   0x00000000       0x9c ..\obj\misc.o
 .text          0x00000000        0x0 ..\obj\tm_stm32f4_gpio.o
 .data          0x00000000        0x0 ..\obj\tm_stm32f4_gpio.o
 .bss           0x00000000        0x0 ..\obj\tm_stm32f4_gpio.o
 .text.TM_GPIO_InitAlternate
                0x00000000       0x98 ..\obj\tm_stm32f4_gpio.o
 .text.TM_GPIO_DeInit
                0x00000000       0x4c ..\obj\tm_stm32f4_gpio.o
 .text.TM_GPIO_SetPinAsInput
                0x00000000       0x50 ..\obj\tm_stm32f4_gpio.o
 .text.TM_GPIO_SetPinAsOutput
                0x00000000       0x5c ..\obj\tm_stm32f4_gpio.o
 .text.TM_GPIO_SetPinAsAnalog
                0x00000000       0x4c ..\obj\tm_stm32f4_gpio.o
 .text.TM_GPIO_SetPullResistor
                0x00000000       0x60 ..\obj\tm_stm32f4_gpio.o
 .text.TM_GPIO_Lock
                0x00000000       0x38 ..\obj\tm_stm32f4_gpio.o
 .text.TM_GPIO_GetPortSource
                0x00000000       0xac ..\obj\tm_stm32f4_gpio.o
 .text.TM_GPIO_GetPinSource
                0x00000000       0x30 ..\obj\tm_stm32f4_gpio.o
 .text.TM_GPIO_INT_DisableClock
                0x00000000       0xf0 ..\obj\tm_stm32f4_gpio.o
 .text          0x00000000        0x0 ..\obj\stm32f4_discovery_lis302dl.o
 .data          0x00000000        0x4 ..\obj\stm32f4_discovery_lis302dl.o
 .bss           0x00000000        0x0 ..\obj\stm32f4_discovery_lis302dl.o
 .text.LIS302DL_Init
                0x00000000       0x4c ..\obj\stm32f4_discovery_lis302dl.o
 .text.LIS302DL_FilterConfig
                0x00000000       0x54 ..\obj\stm32f4_discovery_lis302dl.o
 .text.LIS302DL_InterruptConfig
                0x00000000       0x44 ..\obj\stm32f4_discovery_lis302dl.o
 .text.LIS302DL_LowpowerCmd
                0x00000000       0x40 ..\obj\stm32f4_discovery_lis302dl.o
 .text.LIS302DL_DataRateCmd
                0x00000000       0x40 ..\obj\stm32f4_discovery_lis302dl.o
 .text.LIS302DL_FullScaleCmd
                0x00000000       0x40 ..\obj\stm32f4_discovery_lis302dl.o
 .text.LIS302DL_RebootCmd
                0x00000000       0x30 ..\obj\stm32f4_discovery_lis302dl.o
 .text.LIS302DL_Write
                0x00000000       0x60 ..\obj\stm32f4_discovery_lis302dl.o
 .text.LIS302DL_Read
                0x00000000       0x6c ..\obj\stm32f4_discovery_lis302dl.o
 .text.LIS302DL_ReadACC
                0x00000000       0xb4 ..\obj\stm32f4_discovery_lis302dl.o
 .text.LIS302DL_LowLevel_Init
                0x00000000      0x134 ..\obj\stm32f4_discovery_lis302dl.o
 .text.LIS302DL_SendByte
                0x00000000       0x90 ..\obj\stm32f4_discovery_lis302dl.o
 .debug_info    0x00000000      0x7c4 ..\obj\stm32f4_discovery_lis302dl.o
 .debug_abbrev  0x00000000      0x1b9 ..\obj\stm32f4_discovery_lis302dl.o
 .debug_aranges
                0x00000000       0x78 ..\obj\stm32f4_discovery_lis302dl.o
 .debug_ranges  0x00000000       0x68 ..\obj\stm32f4_discovery_lis302dl.o
 .debug_line    0x00000000      0x3b6 ..\obj\stm32f4_discovery_lis302dl.o
 .debug_str     0x00000000      0x759 ..\obj\stm32f4_discovery_lis302dl.o
 .comment       0x00000000       0x71 ..\obj\stm32f4_discovery_lis302dl.o
 .ARM.attributes
                0x00000000       0x33 ..\obj\stm32f4_discovery_lis302dl.o
 .debug_frame   0x00000000      0x190 ..\obj\stm32f4_discovery_lis302dl.o
 .text          0x00000000        0x0 ..\obj\tm_stm32f4_timer_properties.o
 .data          0x00000000        0x0 ..\obj\tm_stm32f4_timer_properties.o
 .bss           0x00000000        0x0 ..\obj\tm_stm32f4_timer_properties.o
 .text.TM_TIMER_PROPERTIES_GetTimerProperties
                0x00000000      0x100 ..\obj\tm_stm32f4_timer_properties.o
 .text.TM_TIMER_PROPERTIES_GenerateDataForWorkingFrequency
                0x00000000      0x128 ..\obj\tm_stm32f4_timer_properties.o
 .text.TM_TIMER_PROPERTIES_EnableClock
                0x00000000      0x148 ..\obj\tm_stm32f4_timer_properties.o
 .text.TM_TIMER_PROPERTIES_DisableClock
                0x00000000      0x148 ..\obj\tm_stm32f4_timer_properties.o
 .debug_info    0x00000000      0x479 ..\obj\tm_stm32f4_timer_properties.o
 .debug_abbrev  0x00000000      0x107 ..\obj\tm_stm32f4_timer_properties.o
 .debug_aranges
                0x00000000       0x38 ..\obj\tm_stm32f4_timer_properties.o
 .debug_ranges  0x00000000       0x28 ..\obj\tm_stm32f4_timer_properties.o
 .debug_line    0x00000000      0x2c0 ..\obj\tm_stm32f4_timer_properties.o
 .debug_str     0x00000000      0x4d8 ..\obj\tm_stm32f4_timer_properties.o
 .comment       0x00000000       0x71 ..\obj\tm_stm32f4_timer_properties.o
 .ARM.attributes
                0x00000000       0x33 ..\obj\tm_stm32f4_timer_properties.o
 .debug_frame   0x00000000       0x90 ..\obj\tm_stm32f4_timer_properties.o
 .text          0x00000000        0x0 ..\obj\stm32f4xx_tim.o
 .data          0x00000000        0x0 ..\obj\stm32f4xx_tim.o
 .bss           0x00000000        0x0 ..\obj\stm32f4xx_tim.o
 .text.TIM_DeInit
                0x00000000      0x1bc ..\obj\stm32f4xx_tim.o
 .text.TIM_TimeBaseInit
                0x00000000       0xd4 ..\obj\stm32f4xx_tim.o
 .text.TIM_TimeBaseStructInit
                0x00000000       0x34 ..\obj\stm32f4xx_tim.o
 .text.TIM_PrescalerConfig
                0x00000000       0x28 ..\obj\stm32f4xx_tim.o
 .text.TIM_CounterModeConfig
                0x00000000       0x38 ..\obj\stm32f4xx_tim.o
 .text.TIM_SetCounter
                0x00000000       0x1c ..\obj\stm32f4xx_tim.o
 .text.TIM_SetAutoreload
                0x00000000       0x1c ..\obj\stm32f4xx_tim.o
 .text.TIM_GetCounter
                0x00000000       0x18 ..\obj\stm32f4xx_tim.o
 .text.TIM_GetPrescaler
                0x00000000       0x1c ..\obj\stm32f4xx_tim.o
 .text.TIM_UpdateDisableConfig
                0x00000000       0x40 ..\obj\stm32f4xx_tim.o
 .text.TIM_UpdateRequestConfig
                0x00000000       0x40 ..\obj\stm32f4xx_tim.o
 .text.TIM_ARRPreloadConfig
                0x00000000       0x40 ..\obj\stm32f4xx_tim.o
 .text.TIM_SelectOnePulseMode
                0x00000000       0x38 ..\obj\stm32f4xx_tim.o
 .text.TIM_SetClockDivision
                0x00000000       0x38 ..\obj\stm32f4xx_tim.o
 .text.TIM_Cmd  0x00000000       0x40 ..\obj\stm32f4xx_tim.o
 .text.TIM_OC1Init
                0x00000000       0xf4 ..\obj\stm32f4xx_tim.o
 .text.TIM_OC2Init
                0x00000000      0x110 ..\obj\stm32f4xx_tim.o
 .text.TIM_OC3Init
                0x00000000      0x10c ..\obj\stm32f4xx_tim.o
 .text.TIM_OC4Init
                0x00000000       0xcc ..\obj\stm32f4xx_tim.o
 .text.TIM_OCStructInit
                0x00000000       0x44 ..\obj\stm32f4xx_tim.o
 .text.TIM_SelectOCxM
                0x00000000       0xac ..\obj\stm32f4xx_tim.o
 .text.TIM_SetCompare1
                0x00000000       0x1c ..\obj\stm32f4xx_tim.o
 .text.TIM_SetCompare2
                0x00000000       0x1c ..\obj\stm32f4xx_tim.o
 .text.TIM_SetCompare3
                0x00000000       0x1c ..\obj\stm32f4xx_tim.o
 .text.TIM_SetCompare4
                0x00000000       0x1c ..\obj\stm32f4xx_tim.o
 .text.TIM_ForcedOC1Config
                0x00000000       0x38 ..\obj\stm32f4xx_tim.o
 .text.TIM_ForcedOC2Config
                0x00000000       0x3c ..\obj\stm32f4xx_tim.o
 .text.TIM_ForcedOC3Config
                0x00000000       0x38 ..\obj\stm32f4xx_tim.o
 .text.TIM_ForcedOC4Config
                0x00000000       0x3c ..\obj\stm32f4xx_tim.o
 .text.TIM_OC1PreloadConfig
                0x00000000       0x38 ..\obj\stm32f4xx_tim.o
 .text.TIM_OC2PreloadConfig
                0x00000000       0x3c ..\obj\stm32f4xx_tim.o
 .text.TIM_OC3PreloadConfig
                0x00000000       0x38 ..\obj\stm32f4xx_tim.o
 .text.TIM_OC4PreloadConfig
                0x00000000       0x3c ..\obj\stm32f4xx_tim.o
 .text.TIM_OC1FastConfig
                0x00000000       0x38 ..\obj\stm32f4xx_tim.o
 .text.TIM_OC2FastConfig
                0x00000000       0x3c ..\obj\stm32f4xx_tim.o
 .text.TIM_OC3FastConfig
                0x00000000       0x38 ..\obj\stm32f4xx_tim.o
 .text.TIM_OC4FastConfig
                0x00000000       0x3c ..\obj\stm32f4xx_tim.o
 .text.TIM_ClearOC1Ref
                0x00000000       0x38 ..\obj\stm32f4xx_tim.o
 .text.TIM_ClearOC2Ref
                0x00000000       0x3c ..\obj\stm32f4xx_tim.o
 .text.TIM_ClearOC3Ref
                0x00000000       0x38 ..\obj\stm32f4xx_tim.o
 .text.TIM_ClearOC4Ref
                0x00000000       0x3c ..\obj\stm32f4xx_tim.o
 .text.TIM_OC1PolarityConfig
                0x00000000       0x38 ..\obj\stm32f4xx_tim.o
 .text.TIM_OC1NPolarityConfig
                0x00000000       0x38 ..\obj\stm32f4xx_tim.o
 .text.TIM_OC2PolarityConfig
                0x00000000       0x3c ..\obj\stm32f4xx_tim.o
 .text.TIM_OC2NPolarityConfig
                0x00000000       0x3c ..\obj\stm32f4xx_tim.o
 .text.TIM_OC3PolarityConfig
                0x00000000       0x3c ..\obj\stm32f4xx_tim.o
 .text.TIM_OC3NPolarityConfig
                0x00000000       0x3c ..\obj\stm32f4xx_tim.o
 .text.TIM_OC4PolarityConfig
                0x00000000       0x3c ..\obj\stm32f4xx_tim.o
 .text.TIM_CCxCmd
                0x00000000       0x54 ..\obj\stm32f4xx_tim.o
 .text.TIM_CCxNCmd
                0x00000000       0x54 ..\obj\stm32f4xx_tim.o
 .text.TIM_ICInit
                0x00000000       0xa8 ..\obj\stm32f4xx_tim.o
 .text.TIM_ICStructInit
                0x00000000       0x30 ..\obj\stm32f4xx_tim.o
 .text.TIM_PWMIConfig
                0x00000000       0xb8 ..\obj\stm32f4xx_tim.o
 .text.TIM_GetCapture1
                0x00000000       0x18 ..\obj\stm32f4xx_tim.o
 .text.TIM_GetCapture2
                0x00000000       0x18 ..\obj\stm32f4xx_tim.o
 .text.TIM_GetCapture3
                0x00000000       0x18 ..\obj\stm32f4xx_tim.o
 .text.TIM_GetCapture4
                0x00000000       0x18 ..\obj\stm32f4xx_tim.o
 .text.TIM_SetIC1Prescaler
                0x00000000       0x38 ..\obj\stm32f4xx_tim.o
 .text.TIM_SetIC2Prescaler
                0x00000000       0x3c ..\obj\stm32f4xx_tim.o
 .text.TIM_SetIC3Prescaler
                0x00000000       0x38 ..\obj\stm32f4xx_tim.o
 .text.TIM_SetIC4Prescaler
                0x00000000       0x3c ..\obj\stm32f4xx_tim.o
 .text.TIM_BDTRConfig
                0x00000000       0x50 ..\obj\stm32f4xx_tim.o
 .text.TIM_BDTRStructInit
                0x00000000       0x3c ..\obj\stm32f4xx_tim.o
 .text.TIM_CtrlPWMOutputs
                0x00000000       0x4c ..\obj\stm32f4xx_tim.o
 .text.TIM_SelectCOM
                0x00000000       0x40 ..\obj\stm32f4xx_tim.o
 .text.TIM_CCPreloadControl
                0x00000000       0x40 ..\obj\stm32f4xx_tim.o
 .text.TIM_ITConfig
                0x00000000       0x48 ..\obj\stm32f4xx_tim.o
 .text.TIM_GenerateEvent
                0x00000000       0x1c ..\obj\stm32f4xx_tim.o
 .text.TIM_GetFlagStatus
                0x00000000       0x38 ..\obj\stm32f4xx_tim.o
 .text.TIM_ClearFlag
                0x00000000       0x20 ..\obj\stm32f4xx_tim.o
 .text.TIM_GetITStatus
                0x00000000       0x54 ..\obj\stm32f4xx_tim.o
 .text.TIM_ClearITPendingBit
                0x00000000       0x20 ..\obj\stm32f4xx_tim.o
 .text.TIM_DMAConfig
                0x00000000       0x28 ..\obj\stm32f4xx_tim.o
 .text.TIM_DMACmd
                0x00000000       0x48 ..\obj\stm32f4xx_tim.o
 .text.TIM_SelectCCDMA
                0x00000000       0x40 ..\obj\stm32f4xx_tim.o
 .text.TIM_InternalClockConfig
                0x00000000       0x24 ..\obj\stm32f4xx_tim.o
 .text.TIM_ITRxExternalClockConfig
                0x00000000       0x2c ..\obj\stm32f4xx_tim.o
 .text.TIM_TIxExternalClockConfig
                0x00000000       0x54 ..\obj\stm32f4xx_tim.o
 .text.TIM_ETRClockMode1Config
                0x00000000       0x50 ..\obj\stm32f4xx_tim.o
 .text.TIM_ETRClockMode2Config
                0x00000000       0x30 ..\obj\stm32f4xx_tim.o
 .text.TIM_SelectInputTrigger
                0x00000000       0x38 ..\obj\stm32f4xx_tim.o
 .text.TIM_SelectOutputTrigger
                0x00000000       0x38 ..\obj\stm32f4xx_tim.o
 .text.TIM_SelectSlaveMode
                0x00000000       0x38 ..\obj\stm32f4xx_tim.o
 .text.TIM_SelectMasterSlaveMode
                0x00000000       0x38 ..\obj\stm32f4xx_tim.o
 .text.TIM_ETRConfig
                0x00000000       0x48 ..\obj\stm32f4xx_tim.o
 .text.TIM_EncoderInterfaceConfig
                0x00000000       0x8c ..\obj\stm32f4xx_tim.o
 .text.TIM_SelectHallSensor
                0x00000000       0x40 ..\obj\stm32f4xx_tim.o
 .text.TIM_RemapConfig
                0x00000000       0x20 ..\obj\stm32f4xx_tim.o
 .text.TI1_Config
                0x00000000       0x78 ..\obj\stm32f4xx_tim.o
 .text.TI2_Config
                0x00000000       0x8c ..\obj\stm32f4xx_tim.o
 .text.TI3_Config
                0x00000000       0x84 ..\obj\stm32f4xx_tim.o
 .text.TI4_Config
                0x00000000       0x90 ..\obj\stm32f4xx_tim.o
 .debug_info    0x00000000     0x1c61 ..\obj\stm32f4xx_tim.o
 .debug_abbrev  0x00000000      0x187 ..\obj\stm32f4xx_tim.o
 .debug_aranges
                0x00000000      0x2f8 ..\obj\stm32f4xx_tim.o
 .debug_ranges  0x00000000      0x2e8 ..\obj\stm32f4xx_tim.o
 .debug_line    0x00000000      0xa54 ..\obj\stm32f4xx_tim.o
 .debug_str     0x00000000      0xdc8 ..\obj\stm32f4xx_tim.o
 .comment       0x00000000       0x71 ..\obj\stm32f4xx_tim.o
 .ARM.attributes
                0x00000000       0x33 ..\obj\stm32f4xx_tim.o
 .debug_frame   0x00000000      0xa3c ..\obj\stm32f4xx_tim.o
 .data          0x00000000        0x0 c:/program files (x86)/gnu tools arm embedded/4.8 2014q3/bin/../lib/gcc/arm-none-eabi/4.8.4/armv7e-m\libgcc.a(_arm_addsubdf3.o)
 .bss           0x00000000        0x0 c:/program files (x86)/gnu tools arm embedded/4.8 2014q3/bin/../lib/gcc/arm-none-eabi/4.8.4/armv7e-m\libgcc.a(_arm_addsubdf3.o)
 .data          0x00000000        0x0 c:/program files (x86)/gnu tools arm embedded/4.8 2014q3/bin/../lib/gcc/arm-none-eabi/4.8.4/armv7e-m\libgcc.a(_arm_muldivdf3.o)
 .bss           0x00000000        0x0 c:/program files (x86)/gnu tools arm embedded/4.8 2014q3/bin/../lib/gcc/arm-none-eabi/4.8.4/armv7e-m\libgcc.a(_arm_muldivdf3.o)
 .text          0x00000000      0x110 c:/program files (x86)/gnu tools arm embedded/4.8 2014q3/bin/../lib/gcc/arm-none-eabi/4.8.4/armv7e-m\libgcc.a(_arm_cmpdf2.o)
 .data          0x00000000        0x0 c:/program files (x86)/gnu tools arm embedded/4.8 2014q3/bin/../lib/gcc/arm-none-eabi/4.8.4/armv7e-m\libgcc.a(_arm_cmpdf2.o)
 .bss           0x00000000        0x0 c:/program files (x86)/gnu tools arm embedded/4.8 2014q3/bin/../lib/gcc/arm-none-eabi/4.8.4/armv7e-m\libgcc.a(_arm_cmpdf2.o)
 .ARM.attributes
                0x00000000       0x1e c:/program files (x86)/gnu tools arm embedded/4.8 2014q3/bin/../lib/gcc/arm-none-eabi/4.8.4/armv7e-m\libgcc.a(_arm_cmpdf2.o)
 .text          0x00000000       0x40 c:/program files (x86)/gnu tools arm embedded/4.8 2014q3/bin/../lib/gcc/arm-none-eabi/4.8.4/armv7e-m\libgcc.a(_arm_fixunsdfsi.o)
 .data          0x00000000        0x0 c:/program files (x86)/gnu tools arm embedded/4.8 2014q3/bin/../lib/gcc/arm-none-eabi/4.8.4/armv7e-m\libgcc.a(_arm_fixunsdfsi.o)
 .bss           0x00000000        0x0 c:/program files (x86)/gnu tools arm embedded/4.8 2014q3/bin/../lib/gcc/arm-none-eabi/4.8.4/armv7e-m\libgcc.a(_arm_fixunsdfsi.o)
 .ARM.attributes
                0x00000000       0x1e c:/program files (x86)/gnu tools arm embedded/4.8 2014q3/bin/../lib/gcc/arm-none-eabi/4.8.4/armv7e-m\libgcc.a(_arm_fixunsdfsi.o)
 .data          0x00000000        0x0 c:/program files (x86)/gnu tools arm embedded/4.8 2014q3/bin/../lib/gcc/arm-none-eabi/4.8.4/armv7e-m\libgcc.a(_arm_truncdfsf2.o)
 .bss           0x00000000        0x0 c:/program files (x86)/gnu tools arm embedded/4.8 2014q3/bin/../lib/gcc/arm-none-eabi/4.8.4/armv7e-m\libgcc.a(_arm_truncdfsf2.o)
 .data          0x00000000        0x0 c:/program files (x86)/gnu tools arm embedded/4.8 2014q3/bin/../lib/gcc/arm-none-eabi/4.8.4/armv7e-m\libgcc.a(_arm_addsubsf3.o)
 .bss           0x00000000        0x0 c:/program files (x86)/gnu tools arm embedded/4.8 2014q3/bin/../lib/gcc/arm-none-eabi/4.8.4/armv7e-m\libgcc.a(_arm_addsubsf3.o)
 .data          0x00000000        0x0 c:/program files (x86)/gnu tools arm embedded/4.8 2014q3/bin/../lib/gcc/arm-none-eabi/4.8.4/armv7e-m\libgcc.a(_arm_muldivsf3.o)
 .bss           0x00000000        0x0 c:/program files (x86)/gnu tools arm embedded/4.8 2014q3/bin/../lib/gcc/arm-none-eabi/4.8.4/armv7e-m\libgcc.a(_arm_muldivsf3.o)
 .data          0x00000000        0x0 c:/program files (x86)/gnu tools arm embedded/4.8 2014q3/bin/../lib/gcc/arm-none-eabi/4.8.4/armv7e-m\libgcc.a(_arm_cmpsf2.o)
 .bss           0x00000000        0x0 c:/program files (x86)/gnu tools arm embedded/4.8 2014q3/bin/../lib/gcc/arm-none-eabi/4.8.4/armv7e-m\libgcc.a(_arm_cmpsf2.o)
 .data          0x00000000        0x0 c:/program files (x86)/gnu tools arm embedded/4.8 2014q3/bin/../lib/gcc/arm-none-eabi/4.8.4/armv7e-m\libgcc.a(_arm_fixsfsi.o)
 .bss           0x00000000        0x0 c:/program files (x86)/gnu tools arm embedded/4.8 2014q3/bin/../lib/gcc/arm-none-eabi/4.8.4/armv7e-m\libgcc.a(_arm_fixsfsi.o)
 .text          0x00000000        0x0 c:/program files (x86)/gnu tools arm embedded/4.8 2014q3/bin/../lib/gcc/arm-none-eabi/4.8.4/../../../../arm-none-eabi/lib/armv7e-m\libg.a(lib_a-errno.o)
 .data          0x00000000        0x0 c:/program files (x86)/gnu tools arm embedded/4.8 2014q3/bin/../lib/gcc/arm-none-eabi/4.8.4/../../../../arm-none-eabi/lib/armv7e-m\libg.a(lib_a-errno.o)
 .bss           0x00000000        0x0 c:/program files (x86)/gnu tools arm embedded/4.8 2014q3/bin/../lib/gcc/arm-none-eabi/4.8.4/../../../../arm-none-eabi/lib/armv7e-m\libg.a(lib_a-errno.o)
 .text          0x00000000        0x0 c:/program files (x86)/gnu tools arm embedded/4.8 2014q3/bin/../lib/gcc/arm-none-eabi/4.8.4/../../../../arm-none-eabi/lib/armv7e-m\libg.a(lib_a-impure.o)
 .data          0x00000000        0x0 c:/program files (x86)/gnu tools arm embedded/4.8 2014q3/bin/../lib/gcc/arm-none-eabi/4.8.4/../../../../arm-none-eabi/lib/armv7e-m\libg.a(lib_a-impure.o)
 .bss           0x00000000        0x0 c:/program files (x86)/gnu tools arm embedded/4.8 2014q3/bin/../lib/gcc/arm-none-eabi/4.8.4/../../../../arm-none-eabi/lib/armv7e-m\libg.a(lib_a-impure.o)
 .rodata._global_impure_ptr
                0x00000000        0x4 c:/program files (x86)/gnu tools arm embedded/4.8 2014q3/bin/../lib/gcc/arm-none-eabi/4.8.4/../../../../arm-none-eabi/lib/armv7e-m\libg.a(lib_a-impure.o)
 .text          0x00000000        0x0 c:/program files (x86)/gnu tools arm embedded/4.8 2014q3/bin/../lib/gcc/arm-none-eabi/4.8.4/../../../../arm-none-eabi/lib/armv7e-m\libg.a(lib_a-malloc.o)
 .data          0x00000000        0x0 c:/program files (x86)/gnu tools arm embedded/4.8 2014q3/bin/../lib/gcc/arm-none-eabi/4.8.4/../../../../arm-none-eabi/lib/armv7e-m\libg.a(lib_a-malloc.o)
 .bss           0x00000000        0x0 c:/program files (x86)/gnu tools arm embedded/4.8 2014q3/bin/../lib/gcc/arm-none-eabi/4.8.4/../../../../arm-none-eabi/lib/armv7e-m\libg.a(lib_a-malloc.o)
 .text.free     0x00000000       0x10 c:/program files (x86)/gnu tools arm embedded/4.8 2014q3/bin/../lib/gcc/arm-none-eabi/4.8.4/../../../../arm-none-eabi/lib/armv7e-m\libg.a(lib_a-malloc.o)
 .text          0x00000000        0x0 c:/program files (x86)/gnu tools arm embedded/4.8 2014q3/bin/../lib/gcc/arm-none-eabi/4.8.4/../../../../arm-none-eabi/lib/armv7e-m\libg.a(lib_a-mallocr.o)
 .data          0x00000000        0x0 c:/program files (x86)/gnu tools arm embedded/4.8 2014q3/bin/../lib/gcc/arm-none-eabi/4.8.4/../../../../arm-none-eabi/lib/armv7e-m\libg.a(lib_a-mallocr.o)
 .bss           0x00000000        0x0 c:/program files (x86)/gnu tools arm embedded/4.8 2014q3/bin/../lib/gcc/arm-none-eabi/4.8.4/../../../../arm-none-eabi/lib/armv7e-m\libg.a(lib_a-mallocr.o)
 .text          0x00000000        0x0 c:/program files (x86)/gnu tools arm embedded/4.8 2014q3/bin/../lib/gcc/arm-none-eabi/4.8.4/../../../../arm-none-eabi/lib/armv7e-m\libg.a(lib_a-mlock.o)
 .data          0x00000000        0x0 c:/program files (x86)/gnu tools arm embedded/4.8 2014q3/bin/../lib/gcc/arm-none-eabi/4.8.4/../../../../arm-none-eabi/lib/armv7e-m\libg.a(lib_a-mlock.o)
 .bss           0x00000000        0x0 c:/program files (x86)/gnu tools arm embedded/4.8 2014q3/bin/../lib/gcc/arm-none-eabi/4.8.4/../../../../arm-none-eabi/lib/armv7e-m\libg.a(lib_a-mlock.o)
 .text          0x00000000        0x0 c:/program files (x86)/gnu tools arm embedded/4.8 2014q3/bin/../lib/gcc/arm-none-eabi/4.8.4/../../../../arm-none-eabi/lib/armv7e-m\libg.a(lib_a-freer.o)
 .data          0x00000000        0x0 c:/program files (x86)/gnu tools arm embedded/4.8 2014q3/bin/../lib/gcc/arm-none-eabi/4.8.4/../../../../arm-none-eabi/lib/armv7e-m\libg.a(lib_a-freer.o)
 .bss           0x00000000        0x0 c:/program files (x86)/gnu tools arm embedded/4.8 2014q3/bin/../lib/gcc/arm-none-eabi/4.8.4/../../../../arm-none-eabi/lib/armv7e-m\libg.a(lib_a-freer.o)

Memory Configuration

Name             Origin             Length             Attributes
rom              0x08000000         0x00100000         xr
ram              0x20000000         0x00020000         xrw
ram1             0x10000000         0x00010000         xrw
*default*        0x00000000         0xffffffff

Linker script and memory map

                0x20020000                _eram = 0x20020000

.text           0x08000000     0x2b0c
 *(.isr_vector)
 .isr_vector    0x08000000      0x188 ..\obj\startup_stm32f4xx.o
                0x08000000                g_pfnVectors
 *(.text*)
 .text.Delay    0x08000188       0x5c ..\obj\tm_stm32f4_hd44780.o
 .text.TM_HD44780_Init
                0x080001e4       0xcc ..\obj\tm_stm32f4_hd44780.o
                0x080001e4                TM_HD44780_Init
 .text.TM_HD44780_InitPins
                0x080002b0       0xac ..\obj\tm_stm32f4_hd44780.o
                0x080002b0                TM_HD44780_InitPins
 .text.TM_HD44780_Clear
                0x0800035c       0x14 ..\obj\tm_stm32f4_hd44780.o
                0x0800035c                TM_HD44780_Clear
 .text.TM_HD44780_Cmd
                0x08000370       0x34 ..\obj\tm_stm32f4_hd44780.o
                0x08000370                TM_HD44780_Cmd
 .text.TM_HD44780_Data
                0x080003a4       0x34 ..\obj\tm_stm32f4_hd44780.o
                0x080003a4                TM_HD44780_Data
 .text.TM_HD44780_Cmd4bit
                0x080003d8       0x8c ..\obj\tm_stm32f4_hd44780.o
                0x080003d8                TM_HD44780_Cmd4bit
 .text.TM_HD44780_CursorSet
                0x08000464       0x64 ..\obj\tm_stm32f4_hd44780.o
                0x08000464                TM_HD44780_CursorSet
 .text.TM_HD44780_Puts
                0x080004c8       0xb8 ..\obj\tm_stm32f4_hd44780.o
                0x080004c8                TM_HD44780_Puts
 .text.TM_HD44780_DisplayOn
                0x08000580       0x28 ..\obj\tm_stm32f4_hd44780.o
                0x08000580                TM_HD44780_DisplayOn
 .text.Audio_MAL_IRQHandler
                0x080005a8       0xf8 ..\obj\stm32f4_discovery_audio_codec.o
 .text.DMA1_Stream7_IRQHandler
                0x080006a0        0xc ..\obj\stm32f4_discovery_audio_codec.o
                0x080006a0                DMA1_Stream7_IRQHandler
 .text.DMA1_Stream0_IRQHandler
                0x080006ac        0xc ..\obj\stm32f4_discovery_audio_codec.o
                0x080006ac                DMA1_Stream0_IRQHandler
 .text.SPI3_IRQHandler
                0x080006b8       0x40 ..\obj\stm32f4_discovery_audio_codec.o
                0x080006b8                SPI3_IRQHandler
 .text.DAC_SetChannel1Data
                0x080006f8       0x34 ..\obj\stm32f4xx_dac.o
                0x080006f8                DAC_SetChannel1Data
 .text.Default_Reset_Handler
                0x0800072c       0x5c ..\obj\startup_stm32f4xx.o
                0x0800072c                Default_Reset_Handler
                0x0800072c                Reset_Handler
 .text.Default_Handler
                0x08000788        0x8 ..\obj\startup_stm32f4xx.o
                0x08000788                RTC_Alarm_IRQHandler
                0x08000788                HASH_RNG_IRQHandler
                0x08000788                EXTI2_IRQHandler
                0x08000788                TIM8_CC_IRQHandler
                0x08000788                DebugMon_Handler
                0x08000788                TIM1_CC_IRQHandler
                0x08000788                DMA2_Stream5_IRQHandler
                0x08000788                HardFault_Handler
                0x08000788                DMA1_Stream5_IRQHandler
                0x08000788                PVD_IRQHandler
                0x08000788                SDIO_IRQHandler
                0x08000788                TAMP_STAMP_IRQHandler
                0x08000788                PendSV_Handler
                0x08000788                NMI_Handler
                0x08000788                CAN2_RX1_IRQHandler
                0x08000788                EXTI3_IRQHandler
                0x08000788                TIM8_TRG_COM_TIM14_IRQHandler
                0x08000788                TIM1_UP_TIM10_IRQHandler
                0x08000788                TIM8_UP_TIM13_IRQHandler
                0x08000788                I2C3_ER_IRQHandler
                0x08000788                EXTI0_IRQHandler
                0x08000788                I2C2_EV_IRQHandler
                0x08000788                DMA1_Stream2_IRQHandler
                0x08000788                CAN1_RX0_IRQHandler
                0x08000788                FPU_IRQHandler
                0x08000788                OTG_HS_WKUP_IRQHandler
                0x08000788                UsageFault_Handler
                0x08000788                CAN2_SCE_IRQHandler
                0x08000788                DMA2_Stream2_IRQHandler
                0x08000788                SPI1_IRQHandler
                0x08000788                TIM6_DAC_IRQHandler
                0x08000788                TIM1_BRK_TIM9_IRQHandler
                0x08000788                DCMI_IRQHandler
                0x08000788                CAN2_RX0_IRQHandler
                0x08000788                DMA2_Stream3_IRQHandler
                0x08000788                USART6_IRQHandler
                0x08000788                USART3_IRQHandler
                0x08000788                CRYP_IRQHandler
                0x08000788                CAN1_RX1_IRQHandler
                0x08000788                UART5_IRQHandler
                0x08000788                DMA2_Stream0_IRQHandler
                0x08000788                TIM4_IRQHandler
                0x08000788                I2C1_EV_IRQHandler
                0x08000788                DMA1_Stream6_IRQHandler
                0x08000788                DMA1_Stream1_IRQHandler
                0x08000788                UART4_IRQHandler
                0x08000788                TIM3_IRQHandler
                0x08000788                RCC_IRQHandler
                0x08000788                TIM8_BRK_TIM12_IRQHandler
                0x08000788                EXTI15_10_IRQHandler
                0x08000788                ADC_IRQHandler
                0x08000788                TIM7_IRQHandler
                0x08000788                CAN2_TX_IRQHandler
                0x08000788                TIM5_IRQHandler
                0x08000788                DMA2_Stream7_IRQHandler
                0x08000788                I2C3_EV_IRQHandler
                0x08000788                EXTI9_5_IRQHandler
                0x08000788                RTC_WKUP_IRQHandler
                0x08000788                ETH_WKUP_IRQHandler
                0x08000788                SPI2_IRQHandler
                0x08000788                OTG_HS_EP1_IN_IRQHandler
                0x08000788                MemManage_Handler
                0x08000788                CAN1_TX_IRQHandler
                0x08000788                SVC_Handler
                0x08000788                EXTI4_IRQHandler
                0x08000788                FSMC_IRQHandler
                0x08000788                ETH_IRQHandler
                0x08000788                OTG_HS_EP1_OUT_IRQHandler
                0x08000788                WWDG_IRQHandler
                0x08000788                TIM2_IRQHandler
                0x08000788                OTG_FS_WKUP_IRQHandler
                0x08000788                TIM1_TRG_COM_TIM11_IRQHandler
                0x08000788                OTG_HS_IRQHandler
                0x08000788                EXTI1_IRQHandler
                0x08000788                USART2_IRQHandler
                0x08000788                I2C2_ER_IRQHandler
                0x08000788                DMA2_Stream1_IRQHandler
                0x08000788                CAN1_SCE_IRQHandler
                0x08000788                FLASH_IRQHandler
                0x08000788                DMA2_Stream4_IRQHandler
                0x08000788                BusFault_Handler
                0x08000788                USART1_IRQHandler
                0x08000788                OTG_FS_IRQHandler
                0x08000788                DMA1_Stream4_IRQHandler
                0x08000788                I2C1_ER_IRQHandler
                0x08000788                DMA2_Stream6_IRQHandler
                0x08000788                DMA1_Stream3_IRQHandler
 .text.Delayms  0x08000790       0x2c ..\obj\main.o
 .text.reverse  0x080007bc       0x5c ..\obj\main.o
                0x080007bc                reverse
 .text.intToStr
                0x08000818       0x8c ..\obj\main.o
                0x08000818                intToStr
 .text.poww     0x080008a4       0x60 ..\obj\main.o
                0x080008a4                poww
 .text.ftoa     0x08000904       0x84 ..\obj\main.o
                0x08000904                ftoa
 .text.main     0x08000988       0xa4 ..\obj\main.o
                0x08000988                main
 .text.BUTTON1_EventHandler
                0x08000a2c       0x34 ..\obj\main.o
                0x08000a2c                BUTTON1_EventHandler
 .text.distance
                0x08000a60       0xa0 ..\obj\main.o
                0x08000a60                distance
 .text.TM_BUTTON_Init
                0x08000b00       0xb4 ..\obj\tm_stm32f4_button.o
                0x08000b00                TM_BUTTON_Init
 .text.Delay    0x08000bb4       0x5c ..\obj\tm_stm32f4_hcsr04.o
 .text.TM_HCSR04_Init
                0x08000c10       0x94 ..\obj\tm_stm32f4_hcsr04.o
                0x08000c10                TM_HCSR04_Init
 *fill*         0x08000ca4        0x4 
 .text.TM_HCSR04_Read
                0x08000ca8       0xc8 ..\obj\tm_stm32f4_hcsr04.o
                0x08000ca8                TM_HCSR04_Read
 .text.NVIC_SetPriority
                0x08000d70       0x54 ..\obj\tm_stm32f4_delay.o
 .text.SysTick_Config
                0x08000dc4       0x44 ..\obj\tm_stm32f4_delay.o
 .text.SysTick_Handler
                0x08000e08       0xe0 ..\obj\tm_stm32f4_delay.o
                0x08000e08                SysTick_Handler
 .text.TM_DELAY_Init
                0x08000ee8       0x4c ..\obj\tm_stm32f4_delay.o
                0x08000ee8                TM_DELAY_Init
 .text.SystemInit
                0x08000f34       0x58 ..\obj\system_stm32f4xx.o
                0x08000f34                SystemInit
 .text.SetSysClock
                0x08000f8c       0xf4 ..\obj\system_stm32f4xx.o
 .text._sbrk_r  0x08001080       0x5c ..\obj\syscalls.o
                0x08001080                _sbrk_r
 .text.DMA_Init
                0x080010dc       0xac ..\obj\stm32f4xx_dma.o
                0x080010dc                DMA_Init
 .text.DMA_Cmd  0x08001188       0x38 ..\obj\stm32f4xx_dma.o
                0x08001188                DMA_Cmd
 .text.DMA_GetCmdStatus
                0x080011c0       0x30 ..\obj\stm32f4xx_dma.o
                0x080011c0                DMA_GetCmdStatus
 .text.DMA_GetFlagStatus
                0x080011f0       0x78 ..\obj\stm32f4xx_dma.o
                0x080011f0                DMA_GetFlagStatus
 .text.DMA_ClearFlag
                0x08001268       0x5c ..\obj\stm32f4xx_dma.o
                0x08001268                DMA_ClearFlag
 .text.EVAL_AUDIO_TransferComplete_CallBack
                0x080012c4       0x14 ..\obj\stm32f4_discovery_callbacks.o
                0x080012c4                EVAL_AUDIO_TransferComplete_CallBack
 .text.EVAL_AUDIO_GetSampleCallBack
                0x080012d8       0x10 ..\obj\stm32f4_discovery_callbacks.o
                0x080012d8                EVAL_AUDIO_GetSampleCallBack
 .text.SPI_I2S_SendData
                0x080012e8       0x1c ..\obj\stm32f4xx_spi.o
                0x080012e8                SPI_I2S_SendData
 .text.SPI_I2S_GetFlagStatus
                0x08001304       0x38 ..\obj\stm32f4xx_spi.o
                0x08001304                SPI_I2S_GetFlagStatus
 .text.TM_GPIO_Init
                0x0800133c       0x38 ..\obj\tm_stm32f4_gpio.o
                0x0800133c                TM_GPIO_Init
 .text.TM_GPIO_INT_EnableClock
                0x08001374       0xf0 ..\obj\tm_stm32f4_gpio.o
                0x08001374                TM_GPIO_INT_EnableClock
 .text.TM_GPIO_INT_Init
                0x08001464       0xd0 ..\obj\tm_stm32f4_gpio.o
                0x08001464                TM_GPIO_INT_Init
 .text          0x08001534      0x370 c:/program files (x86)/gnu tools arm embedded/4.8 2014q3/bin/../lib/gcc/arm-none-eabi/4.8.4/armv7e-m\libgcc.a(_arm_addsubdf3.o)
                0x08001534                __aeabi_drsub
                0x0800153c                __aeabi_dsub
                0x0800153c                __subdf3
                0x08001540                __aeabi_dadd
                0x08001540                __adddf3
                0x080017b8                __floatunsidf
                0x080017b8                __aeabi_ui2d
                0x080017d8                __floatsidf
                0x080017d8                __aeabi_i2d
                0x080017fc                __aeabi_f2d
                0x080017fc                __extendsfdf2
                0x08001838                __floatundidf
                0x08001838                __aeabi_ul2d
                0x08001848                __floatdidf
                0x08001848                __aeabi_l2d
 .text          0x080018a4      0x424 c:/program files (x86)/gnu tools arm embedded/4.8 2014q3/bin/../lib/gcc/arm-none-eabi/4.8.4/armv7e-m\libgcc.a(_arm_muldivdf3.o)
                0x080018a4                __aeabi_dmul
                0x080018a4                __muldf3
                0x08001af8                __divdf3
                0x08001af8                __aeabi_ddiv
 .text          0x08001cc8       0xa0 c:/program files (x86)/gnu tools arm embedded/4.8 2014q3/bin/../lib/gcc/arm-none-eabi/4.8.4/armv7e-m\libgcc.a(_arm_truncdfsf2.o)
                0x08001cc8                __truncdfsf2
                0x08001cc8                __aeabi_d2f
 .text          0x08001d68      0x21c c:/program files (x86)/gnu tools arm embedded/4.8 2014q3/bin/../lib/gcc/arm-none-eabi/4.8.4/armv7e-m\libgcc.a(_arm_addsubsf3.o)
                0x08001d68                __aeabi_frsub
                0x08001d70                __subsf3
                0x08001d70                __aeabi_fsub
                0x08001d74                __aeabi_fadd
                0x08001d74                __addsf3
                0x08001ed4                __aeabi_ui2f
                0x08001ed4                __floatunsisf
                0x08001edc                __aeabi_i2f
                0x08001edc                __floatsisf
                0x08001ef8                __aeabi_ul2f
                0x08001ef8                __floatundisf
                0x08001f08                __aeabi_l2f
                0x08001f08                __floatdisf
 .text          0x08001f84      0x2a0 c:/program files (x86)/gnu tools arm embedded/4.8 2014q3/bin/../lib/gcc/arm-none-eabi/4.8.4/armv7e-m\libgcc.a(_arm_muldivsf3.o)
                0x08001f84                __mulsf3
                0x08001f84                __aeabi_fmul
                0x080020ec                __aeabi_fdiv
                0x080020ec                __divsf3
 .text          0x08002224       0xec c:/program files (x86)/gnu tools arm embedded/4.8 2014q3/bin/../lib/gcc/arm-none-eabi/4.8.4/armv7e-m\libgcc.a(_arm_cmpsf2.o)
                0x08002224                __gesf2
                0x08002224                __gtsf2
                0x0800222c                __lesf2
                0x0800222c                __ltsf2
                0x08002234                __nesf2
                0x08002234                __eqsf2
                0x08002234                __cmpsf2
                0x08002294                __aeabi_cfrcmple
                0x0800229c                __aeabi_cfcmpeq
                0x0800229c                __aeabi_cfcmple
                0x080022ac                __aeabi_fcmpeq
                0x080022c0                __aeabi_fcmplt
                0x080022d4                __aeabi_fcmple
                0x080022e8                __aeabi_fcmpge
                0x080022fc                __aeabi_fcmpgt
 .text          0x08002310       0x4c c:/program files (x86)/gnu tools arm embedded/4.8 2014q3/bin/../lib/gcc/arm-none-eabi/4.8.4/armv7e-m\libgcc.a(_arm_fixsfsi.o)
                0x08002310                __aeabi_f2iz
                0x08002310                __fixsfsi
 .text.__errno  0x0800235c        0xc c:/program files (x86)/gnu tools arm embedded/4.8 2014q3/bin/../lib/gcc/arm-none-eabi/4.8.4/../../../../arm-none-eabi/lib/armv7e-m\libg.a(lib_a-errno.o)
                0x0800235c                __errno
 .text.malloc   0x08002368       0x10 c:/program files (x86)/gnu tools arm embedded/4.8 2014q3/bin/../lib/gcc/arm-none-eabi/4.8.4/../../../../arm-none-eabi/lib/armv7e-m\libg.a(lib_a-malloc.o)
                0x08002368                malloc
 .text._malloc_r
                0x08002378      0x538 c:/program files (x86)/gnu tools arm embedded/4.8 2014q3/bin/../lib/gcc/arm-none-eabi/4.8.4/../../../../arm-none-eabi/lib/armv7e-m\libg.a(lib_a-mallocr.o)
                0x08002378                _malloc_r
 .text.__malloc_lock
                0x080028b0        0x4 c:/program files (x86)/gnu tools arm embedded/4.8 2014q3/bin/../lib/gcc/arm-none-eabi/4.8.4/../../../../arm-none-eabi/lib/armv7e-m\libg.a(lib_a-mlock.o)
                0x080028b0                __malloc_lock
 .text.__malloc_unlock
                0x080028b4        0x4 c:/program files (x86)/gnu tools arm embedded/4.8 2014q3/bin/../lib/gcc/arm-none-eabi/4.8.4/../../../../arm-none-eabi/lib/armv7e-m\libg.a(lib_a-mlock.o)
                0x080028b4                __malloc_unlock
 .text._malloc_trim_r
                0x080028b8       0x9c c:/program files (x86)/gnu tools arm embedded/4.8 2014q3/bin/../lib/gcc/arm-none-eabi/4.8.4/../../../../arm-none-eabi/lib/armv7e-m\libg.a(lib_a-freer.o)
                0x080028b8                _malloc_trim_r
 .text._free_r  0x08002954      0x19c c:/program files (x86)/gnu tools arm embedded/4.8 2014q3/bin/../lib/gcc/arm-none-eabi/4.8.4/../../../../arm-none-eabi/lib/armv7e-m\libg.a(lib_a-freer.o)
                0x08002954                _free_r
 *(.init)
 *(.fini)
 *crtbegin.o(.ctors)
 *crtbegin?.o(.ctors)
 *(EXCLUDE_FILE(*crtend.o *crtend?.o) .ctors)
 *(SORT(.ctors.*))
 *(.ctors)
 *crtbegin.o(.dtors)
 *crtbegin?.o(.dtors)
 *(EXCLUDE_FILE(*crtend.o *crtend?.o) .dtors)
 *(SORT(.dtors.*))
 *(.dtors)
 *(.rodata*)
 .rodata        0x08002af0        0x4 ..\obj\tm_stm32f4_hd44780.o
 .rodata        0x08002af4       0x14 ..\obj\main.o
 .rodata.str1.4
                0x08002b08        0x4 c:/program files (x86)/gnu tools arm embedded/4.8 2014q3/bin/../lib/gcc/arm-none-eabi/4.8.4/../../../../arm-none-eabi/lib/armv7e-m\libg.a(lib_a-impure.o)
 *(.eh_fram e*)

.glue_7         0x08002b0c        0x0
 .glue_7        0x00000000        0x0 linker stubs

.glue_7t        0x08002b0c        0x0
 .glue_7t       0x00000000        0x0 linker stubs

.vfp11_veneer   0x08002b0c        0x0
 .vfp11_veneer  0x00000000        0x0 linker stubs

.v4_bx          0x08002b0c        0x0
 .v4_bx         0x00000000        0x0 linker stubs

.iplt           0x08002b0c        0x0
 .iplt          0x00000000        0x0 ..\obj\stm32f4xx_syscfg.o

.rel.dyn        0x08002b0c        0x0
 .rel.iplt      0x00000000        0x0 ..\obj\stm32f4xx_syscfg.o

.ARM.extab
 *(.ARM.extab* .gnu.linkonce.armextab.*)
                0x08002b0c                __exidx_start = .

.ARM.exidx
 *(.ARM.exidx* .gnu.linkonce.armexidx.*)
                0x08002b0c                __exidx_end = .
                0x08002b0c                __etext = .
                0x08002b0c                _sidata = __etext

.data           0x20000000      0x884 load address 0x08002b0c
                0x20000000                __data_start__ = .
                0x20000000                _sdata = __data_start__
 *(vtable)
 *(.data*)
 .data          0x20000000       0x34 ..\obj\stm32f4_discovery_audio_codec.o
                0x20000000                AudioTotalSize
                0x20000004                AudioRemSize
                0x20000008                CODECTimeout
                0x2000000c                CurrAudioInterface
                0x20000010                AUDIO_MAL_DMA_CLOCK
                0x20000014                AUDIO_MAL_DMA_STREAM
                0x20000018                AUDIO_MAL_DMA_DREG
                0x2000001c                AUDIO_MAL_DMA_IRQ
                0x20000020                AUDIO_MAL_DMA_FLAG_TC
                0x20000024                AUDIO_MAL_DMA_FLAG_HT
                0x20000028                AUDIO_MAL_DMA_FLAG_FE
                0x2000002c                AUDIO_MAL_DMA_FLAG_TE
                0x20000030                AUDIO_MAL_DMA_FLAG_DME
 .data          0x20000034       0x14 ..\obj\system_stm32f4xx.o
                0x20000034                SystemCoreClock
                0x20000038                AHBPrescTable
 .data.impure_data
                0x20000048      0x428 c:/program files (x86)/gnu tools arm embedded/4.8 2014q3/bin/../lib/gcc/arm-none-eabi/4.8.4/../../../../arm-none-eabi/lib/armv7e-m\libg.a(lib_a-impure.o)
 .data._impure_ptr
                0x20000470        0x4 c:/program files (x86)/gnu tools arm embedded/4.8 2014q3/bin/../lib/gcc/arm-none-eabi/4.8.4/../../../../arm-none-eabi/lib/armv7e-m\libg.a(lib_a-impure.o)
                0x20000470                _impure_ptr
 .data.__malloc_av_
                0x20000474      0x408 c:/program files (x86)/gnu tools arm embedded/4.8 2014q3/bin/../lib/gcc/arm-none-eabi/4.8.4/../../../../arm-none-eabi/lib/armv7e-m\libg.a(lib_a-mallocr.o)
                0x20000474                __malloc_av_
 .data.__malloc_trim_threshold
                0x2000087c        0x4 c:/program files (x86)/gnu tools arm embedded/4.8 2014q3/bin/../lib/gcc/arm-none-eabi/4.8.4/../../../../arm-none-eabi/lib/armv7e-m\libg.a(lib_a-mallocr.o)
                0x2000087c                __malloc_trim_threshold
 .data.__malloc_sbrk_base
                0x20000880        0x4 c:/program files (x86)/gnu tools arm embedded/4.8 2014q3/bin/../lib/gcc/arm-none-eabi/4.8.4/../../../../arm-none-eabi/lib/armv7e-m\libg.a(lib_a-mallocr.o)
                0x20000880                __malloc_sbrk_base
                0x20000884                . = ALIGN (0x4)
                0x20000884                PROVIDE (__preinit_array_start, .)
 *(.preinit_array)
                0x20000884                PROVIDE (__preinit_array_end, .)
                0x20000884                . = ALIGN (0x4)
                0x20000884                PROVIDE (__init_array_start, .)
 *(SORT(.init_array.*))
 *(.init_array)
                0x20000884                PROVIDE (__init_array_end, .)
                0x20000884                . = ALIGN (0x4)
                0x20000884                PROVIDE (__fini_array_start, .)
 *(SORT(.fini_array.*))
 *(.fini_array)
                0x20000884                PROVIDE (__fini_array_end, .)
 *(.jcr*)
                0x20000884                . = ALIGN (0x4)
                0x20000884                __data_end__ = .
                0x20000884                _edata = __data_end__

.igot.plt       0x20000884        0x0 load address 0x08003390
 .igot.plt      0x00000000        0x0 ..\obj\stm32f4xx_syscfg.o

.bss            0x20000884       0xf4 load address 0x08003390
                0x20000884                . = ALIGN (0x4)
                0x20000884                __bss_start__ = .
                0x20000884                _sbss = __bss_start__
 *(.bss*)
 .bss           0x20000884        0x4 ..\obj\main.o
                0x20000884                opcja
 .bss           0x20000888        0x8 ..\obj\tm_stm32f4_button.o
 .bss           0x20000890       0x28 ..\obj\tm_stm32f4_delay.o
                0x20000890                TM_TimingDelay
                0x20000894                TM_Time
                0x20000898                TM_Time2
                0x2000089c                TM_DELAY_Initialized
 .bss           0x200008b8        0x4 ..\obj\syscalls.o
 .bss.__malloc_max_total_mem
                0x200008bc        0x4 c:/program files (x86)/gnu tools arm embedded/4.8 2014q3/bin/../lib/gcc/arm-none-eabi/4.8.4/../../../../arm-none-eabi/lib/armv7e-m\libg.a(lib_a-mallocr.o)
                0x200008bc                __malloc_max_total_mem
 .bss.__malloc_max_sbrked_mem
                0x200008c0        0x4 c:/program files (x86)/gnu tools arm embedded/4.8 2014q3/bin/../lib/gcc/arm-none-eabi/4.8.4/../../../../arm-none-eabi/lib/armv7e-m\libg.a(lib_a-mallocr.o)
                0x200008c0                __malloc_max_sbrked_mem
 .bss.__malloc_top_pad
                0x200008c4        0x4 c:/program files (x86)/gnu tools arm embedded/4.8 2014q3/bin/../lib/gcc/arm-none-eabi/4.8.4/../../../../arm-none-eabi/lib/armv7e-m\libg.a(lib_a-mallocr.o)
                0x200008c4                __malloc_top_pad
 .bss.__malloc_current_mallinfo
                0x200008c8       0x28 c:/program files (x86)/gnu tools arm embedded/4.8 2014q3/bin/../lib/gcc/arm-none-eabi/4.8.4/../../../../arm-none-eabi/lib/armv7e-m\libg.a(lib_a-mallocr.o)
                0x200008c8                __malloc_current_mallinfo
 *(COMMON)
 COMMON         0x200008f0        0x7 ..\obj\tm_stm32f4_hd44780.o
                0x200008f0                TM_HD44780_Opts
 *fill*         0x200008f7        0x1 
 COMMON         0x200008f8       0x7c ..\obj\stm32f4_discovery_audio_codec.o
                0x200008f8                CurrentPos
                0x200008fc                AUDIO_MAL_DMA_InitStructure
                0x20000938                DMA_InitStructure
 COMMON         0x20000974        0x4 ..\obj\tm_stm32f4_delay.o
                0x20000974                mult
                0x20000978                . = ALIGN (0x4)
                0x20000978                __bss_end__ = .
                0x20000978                _ebss = __bss_end__

.heap           0x20000978        0x0
                0x20000978                __end__ = .
                0x20000978                _end = __end__
                0x20000978                end = __end__
 *(.heap*)
                0x20000978                __HeapLimit = .

.co_stack       0x20000978      0x800 load address 0x08003484
                0x20000978                . = ALIGN (0x8)
 *(.co_stack .co_stack.*)
 .co_stack      0x20000978      0x800 ..\obj\startup_stm32f4xx.o
                0x20000978                pulStack
                0x20020000                __StackTop = (ORIGIN (ram) + 0x20000)
                0x2001f800                __StackLimit = (__StackTop - SIZEOF (.co_stack))
                0x20020000                PROVIDE (__stack, __StackTop)
                0x00000001                ASSERT ((__StackLimit >= __HeapLimit), region ram  overflowed with stack)
LOAD ..\obj\stm32f4xx_syscfg.o
LOAD ..\obj\tm_stm32f4_hd44780.o
LOAD ..\obj\stm32f4_discovery_audio_codec.o
LOAD ..\obj\stm32f4xx_dac.o
LOAD ..\obj\startup_stm32f4xx.o
LOAD ..\obj\stm32f4_discovery.o
LOAD ..\obj\main.o
LOAD ..\obj\tm_stm32f4_button.o
LOAD ..\obj\stm32f4xx_rcc.o
LOAD ..\obj\tm_stm32f4_hcsr04.o
LOAD ..\obj\tm_stm32f4_delay.o
LOAD ..\obj\stm32f4xx_gpio.o
LOAD ..\obj\system_stm32f4xx.o
LOAD ..\obj\syscalls.o
LOAD ..\obj\stm32f4xx_dma.o
LOAD ..\obj\stm32f4_discovery_callbacks.o
LOAD ..\obj\stm32f4xx_spi.o
LOAD ..\obj\stm32f4xx_i2c.o
LOAD ..\obj\stm32f4xx_exti.o
LOAD ..\obj\misc.o
LOAD ..\obj\tm_stm32f4_gpio.o
LOAD ..\obj\stm32f4_discovery_lis302dl.o
LOAD ..\obj\tm_stm32f4_timer_properties.o
LOAD ..\obj\stm32f4xx_tim.o
LOAD ..\..\..\STM32F4-Discovery\libpdmfilter_gcc.a
START GROUP
LOAD c:/program files (x86)/gnu tools arm embedded/4.8 2014q3/bin/../lib/gcc/arm-none-eabi/4.8.4/armv7e-m\libgcc.a
LOAD c:/program files (x86)/gnu tools arm embedded/4.8 2014q3/bin/../lib/gcc/arm-none-eabi/4.8.4/../../../../arm-none-eabi/lib/armv7e-m\libg.a
LOAD c:/program files (x86)/gnu tools arm embedded/4.8 2014q3/bin/../lib/gcc/arm-none-eabi/4.8.4/../../../../arm-none-eabi/lib/armv7e-m\libc.a
END GROUP
OUTPUT(test4.elf elf32-littlearm)

.debug_info     0x00000000     0x61f4
 .debug_info    0x00000000      0x52e ..\obj\tm_stm32f4_hd44780.o
 .debug_info    0x0000052e     0x1070 ..\obj\stm32f4_discovery_audio_codec.o
 .debug_info    0x0000159e      0x63a ..\obj\stm32f4xx_dac.o
 .debug_info    0x00001bd8       0xed ..\obj\startup_stm32f4xx.o
 .debug_info    0x00001cc5      0x502 ..\obj\main.o
 .debug_info    0x000021c7      0x45a ..\obj\tm_stm32f4_button.o
 .debug_info    0x00002621      0x362 ..\obj\tm_stm32f4_hcsr04.o
 .debug_info    0x00002983      0x95e ..\obj\tm_stm32f4_delay.o
 .debug_info    0x000032e1      0x592 ..\obj\system_stm32f4xx.o
 .debug_info    0x00003873      0xece ..\obj\syscalls.o
 .debug_info    0x00004741      0x739 ..\obj\stm32f4xx_dma.o
 .debug_info    0x00004e7a      0x109 ..\obj\stm32f4_discovery_callbacks.o
 .debug_info    0x00004f83      0xb07 ..\obj\stm32f4xx_spi.o
 .debug_info    0x00005a8a      0x76a ..\obj\tm_stm32f4_gpio.o

.debug_abbrev   0x00000000     0x1552
 .debug_abbrev  0x00000000      0x17a ..\obj\tm_stm32f4_hd44780.o
 .debug_abbrev  0x0000017a      0x256 ..\obj\stm32f4_discovery_audio_codec.o
 .debug_abbrev  0x000003d0      0x17c ..\obj\stm32f4xx_dac.o
 .debug_abbrev  0x0000054c       0xb0 ..\obj\startup_stm32f4xx.o
 .debug_abbrev  0x000005fc      0x1fe ..\obj\main.o
 .debug_abbrev  0x000007fa      0x181 ..\obj\tm_stm32f4_button.o
 .debug_abbrev  0x0000097b      0x135 ..\obj\tm_stm32f4_hcsr04.o
 .debug_abbrev  0x00000ab0      0x26d ..\obj\tm_stm32f4_delay.o
 .debug_abbrev  0x00000d1d      0x136 ..\obj\system_stm32f4xx.o
 .debug_abbrev  0x00000e53      0x248 ..\obj\syscalls.o
 .debug_abbrev  0x0000109b      0x155 ..\obj\stm32f4xx_dma.o
 .debug_abbrev  0x000011f0       0x90 ..\obj\stm32f4_discovery_callbacks.o
 .debug_abbrev  0x00001280      0x167 ..\obj\stm32f4xx_spi.o
 .debug_abbrev  0x000013e7      0x16b ..\obj\tm_stm32f4_gpio.o

.debug_aranges  0x00000000      0x700
 .debug_aranges
                0x00000000       0xb0 ..\obj\tm_stm32f4_hd44780.o
 .debug_aranges
                0x000000b0      0x130 ..\obj\stm32f4_discovery_audio_codec.o
 .debug_aranges
                0x000001e0       0xa0 ..\obj\stm32f4xx_dac.o
 .debug_aranges
                0x00000280       0x28 ..\obj\startup_stm32f4xx.o
 .debug_aranges
                0x000002a8       0x60 ..\obj\main.o
 .debug_aranges
                0x00000308       0x38 ..\obj\tm_stm32f4_button.o
 .debug_aranges
                0x00000340       0x30 ..\obj\tm_stm32f4_hcsr04.o
 .debug_aranges
                0x00000370       0x80 ..\obj\tm_stm32f4_delay.o
 .debug_aranges
                0x000003f0       0x30 ..\obj\system_stm32f4xx.o
 .debug_aranges
                0x00000420       0xa8 ..\obj\syscalls.o
 .debug_aranges
                0x000004c8       0xb0 ..\obj\stm32f4xx_dma.o
 .debug_aranges
                0x00000578       0x28 ..\obj\stm32f4_discovery_callbacks.o
 .debug_aranges
                0x000005a0       0xe0 ..\obj\stm32f4xx_spi.o
 .debug_aranges
                0x00000680       0x80 ..\obj\tm_stm32f4_gpio.o

.debug_ranges   0x00000000      0x620
 .debug_ranges  0x00000000       0xa0 ..\obj\tm_stm32f4_hd44780.o
 .debug_ranges  0x000000a0      0x120 ..\obj\stm32f4_discovery_audio_codec.o
 .debug_ranges  0x000001c0       0x90 ..\obj\stm32f4xx_dac.o
 .debug_ranges  0x00000250       0x18 ..\obj\startup_stm32f4xx.o
 .debug_ranges  0x00000268       0x50 ..\obj\main.o
 .debug_ranges  0x000002b8       0x28 ..\obj\tm_stm32f4_button.o
 .debug_ranges  0x000002e0       0x20 ..\obj\tm_stm32f4_hcsr04.o
 .debug_ranges  0x00000300       0x70 ..\obj\tm_stm32f4_delay.o
 .debug_ranges  0x00000370       0x20 ..\obj\system_stm32f4xx.o
 .debug_ranges  0x00000390       0x98 ..\obj\syscalls.o
 .debug_ranges  0x00000428       0xa0 ..\obj\stm32f4xx_dma.o
 .debug_ranges  0x000004c8       0x18 ..\obj\stm32f4_discovery_callbacks.o
 .debug_ranges  0x000004e0       0xd0 ..\obj\stm32f4xx_spi.o
 .debug_ranges  0x000005b0       0x70 ..\obj\tm_stm32f4_gpio.o

.debug_line     0x00000000     0x2d09
 .debug_line    0x00000000      0x443 ..\obj\tm_stm32f4_hd44780.o
 .debug_line    0x00000443      0x6f5 ..\obj\stm32f4_discovery_audio_codec.o
 .debug_line    0x00000b38      0x347 ..\obj\stm32f4xx_dac.o
 .debug_line    0x00000e7f       0x99 ..\obj\startup_stm32f4xx.o
 .debug_line    0x00000f18      0x38c ..\obj\main.o
 .debug_line    0x000012a4      0x2bf ..\obj\tm_stm32f4_button.o
 .debug_line    0x00001563      0x2a8 ..\obj\tm_stm32f4_hcsr04.o
 .debug_line    0x0000180b      0x31c ..\obj\tm_stm32f4_delay.o
 .debug_line    0x00001b27      0x1e6 ..\obj\system_stm32f4xx.o
 .debug_line    0x00001d0d      0x33b ..\obj\syscalls.o
 .debug_line    0x00002048      0x3cb ..\obj\stm32f4xx_dma.o
 .debug_line    0x00002413      0x175 ..\obj\stm32f4_discovery_callbacks.o
 .debug_line    0x00002588      0x441 ..\obj\stm32f4xx_spi.o
 .debug_line    0x000029c9      0x340 ..\obj\tm_stm32f4_gpio.o

.debug_str      0x00000000     0x2973
 .debug_str     0x00000000      0x474 ..\obj\tm_stm32f4_hd44780.o
                                0x4e6 (size before relaxing)
 .debug_str     0x00000474      0xdf8 ..\obj\stm32f4_discovery_audio_codec.o
                               0x106a (size before relaxing)
 .debug_str     0x0000126c      0x245 ..\obj\stm32f4xx_dac.o
                                0x44b (size before relaxing)
 .debug_str     0x000014b1       0xa8 ..\obj\startup_stm32f4xx.o
                                0x13f (size before relaxing)
 .debug_str     0x00001559      0x182 ..\obj\main.o
                                0x341 (size before relaxing)
 .debug_str     0x000016db      0x138 ..\obj\tm_stm32f4_button.o
                                0x477 (size before relaxing)
 .debug_str     0x00001813       0x6a ..\obj\tm_stm32f4_hcsr04.o
                                0x37a (size before relaxing)
 .debug_str     0x0000187d      0x292 ..\obj\tm_stm32f4_delay.o
                                0x979 (size before relaxing)
 .debug_str     0x00001b0f      0x186 ..\obj\system_stm32f4xx.o
                                0x3a2 (size before relaxing)
 .debug_str     0x00001c95      0x555 ..\obj\syscalls.o
                                0x6ba (size before relaxing)
 .debug_str     0x000021ea      0x260 ..\obj\stm32f4xx_dma.o
                                0x53a (size before relaxing)
 .debug_str     0x0000244a       0x80 ..\obj\stm32f4_discovery_callbacks.o
                                0x1dd (size before relaxing)
 .debug_str     0x000024ca      0x31d ..\obj\stm32f4xx_spi.o
                                0x682 (size before relaxing)
 .debug_str     0x000027e7      0x18c ..\obj\tm_stm32f4_gpio.o
                                0x55b (size before relaxing)

.comment        0x00000000       0x70
 .comment       0x00000000       0x70 ..\obj\tm_stm32f4_hd44780.o
                                 0x71 (size before relaxing)
 .comment       0x00000000       0x71 ..\obj\stm32f4_discovery_audio_codec.o
 .comment       0x00000000       0x71 ..\obj\stm32f4xx_dac.o
 .comment       0x00000000       0x71 ..\obj\startup_stm32f4xx.o
 .comment       0x00000000       0x71 ..\obj\main.o
 .comment       0x00000000       0x71 ..\obj\tm_stm32f4_button.o
 .comment       0x00000000       0x71 ..\obj\tm_stm32f4_hcsr04.o
 .comment       0x00000000       0x71 ..\obj\tm_stm32f4_delay.o
 .comment       0x00000000       0x71 ..\obj\system_stm32f4xx.o
 .comment       0x00000000       0x71 ..\obj\syscalls.o
 .comment       0x00000000       0x71 ..\obj\stm32f4xx_dma.o
 .comment       0x00000000       0x71 ..\obj\stm32f4_discovery_callbacks.o
 .comment       0x00000000       0x71 ..\obj\stm32f4xx_spi.o
 .comment       0x00000000       0x71 ..\obj\tm_stm32f4_gpio.o

.ARM.attributes
                0x00000000       0x33
 .ARM.attributes
                0x00000000       0x33 ..\obj\tm_stm32f4_hd44780.o
 .ARM.attributes
                0x00000033       0x33 ..\obj\stm32f4_discovery_audio_codec.o
 .ARM.attributes
                0x00000066       0x33 ..\obj\stm32f4xx_dac.o
 .ARM.attributes
                0x00000099       0x33 ..\obj\startup_stm32f4xx.o
 .ARM.attributes
                0x000000cc       0x33 ..\obj\main.o
 .ARM.attributes
                0x000000ff       0x33 ..\obj\tm_stm32f4_button.o
 .ARM.attributes
                0x00000132       0x33 ..\obj\tm_stm32f4_hcsr04.o
 .ARM.attributes
                0x00000165       0x33 ..\obj\tm_stm32f4_delay.o
 .ARM.attributes
                0x00000198       0x33 ..\obj\system_stm32f4xx.o
 .ARM.attributes
                0x000001cb       0x33 ..\obj\syscalls.o
 .ARM.attributes
                0x000001fe       0x33 ..\obj\stm32f4xx_dma.o
 .ARM.attributes
                0x00000231       0x33 ..\obj\stm32f4_discovery_callbacks.o
 .ARM.attributes
                0x00000264       0x33 ..\obj\stm32f4xx_spi.o
 .ARM.attributes
                0x00000297       0x33 ..\obj\tm_stm32f4_gpio.o
 .ARM.attributes
                0x000002ca       0x1e c:/program files (x86)/gnu tools arm embedded/4.8 2014q3/bin/../lib/gcc/arm-none-eabi/4.8.4/armv7e-m\libgcc.a(_arm_addsubdf3.o)
 .ARM.attributes
                0x000002e8       0x1e c:/program files (x86)/gnu tools arm embedded/4.8 2014q3/bin/../lib/gcc/arm-none-eabi/4.8.4/armv7e-m\libgcc.a(_arm_muldivdf3.o)
 .ARM.attributes
                0x00000306       0x1e c:/program files (x86)/gnu tools arm embedded/4.8 2014q3/bin/../lib/gcc/arm-none-eabi/4.8.4/armv7e-m\libgcc.a(_arm_truncdfsf2.o)
 .ARM.attributes
                0x00000324       0x1e c:/program files (x86)/gnu tools arm embedded/4.8 2014q3/bin/../lib/gcc/arm-none-eabi/4.8.4/armv7e-m\libgcc.a(_arm_addsubsf3.o)
 .ARM.attributes
                0x00000342       0x1e c:/program files (x86)/gnu tools arm embedded/4.8 2014q3/bin/../lib/gcc/arm-none-eabi/4.8.4/armv7e-m\libgcc.a(_arm_muldivsf3.o)
 .ARM.attributes
                0x00000360       0x1e c:/program files (x86)/gnu tools arm embedded/4.8 2014q3/bin/../lib/gcc/arm-none-eabi/4.8.4/armv7e-m\libgcc.a(_arm_cmpsf2.o)
 .ARM.attributes
                0x0000037e       0x1e c:/program files (x86)/gnu tools arm embedded/4.8 2014q3/bin/../lib/gcc/arm-none-eabi/4.8.4/armv7e-m\libgcc.a(_arm_fixsfsi.o)
 .ARM.attributes
                0x0000039c       0x2e c:/program files (x86)/gnu tools arm embedded/4.8 2014q3/bin/../lib/gcc/arm-none-eabi/4.8.4/../../../../arm-none-eabi/lib/armv7e-m\libg.a(lib_a-errno.o)
 .ARM.attributes
                0x000003ca       0x2e c:/program files (x86)/gnu tools arm embedded/4.8 2014q3/bin/../lib/gcc/arm-none-eabi/4.8.4/../../../../arm-none-eabi/lib/armv7e-m\libg.a(lib_a-impure.o)
 .ARM.attributes
                0x000003f8       0x2e c:/program files (x86)/gnu tools arm embedded/4.8 2014q3/bin/../lib/gcc/arm-none-eabi/4.8.4/../../../../arm-none-eabi/lib/armv7e-m\libg.a(lib_a-malloc.o)
 .ARM.attributes
                0x00000426       0x2e c:/program files (x86)/gnu tools arm embedded/4.8 2014q3/bin/../lib/gcc/arm-none-eabi/4.8.4/../../../../arm-none-eabi/lib/armv7e-m\libg.a(lib_a-mallocr.o)
 .ARM.attributes
                0x00000454       0x2e c:/program files (x86)/gnu tools arm embedded/4.8 2014q3/bin/../lib/gcc/arm-none-eabi/4.8.4/../../../../arm-none-eabi/lib/armv7e-m\libg.a(lib_a-mlock.o)
 .ARM.attributes
                0x00000482       0x2e c:/program files (x86)/gnu tools arm embedded/4.8 2014q3/bin/../lib/gcc/arm-none-eabi/4.8.4/../../../../arm-none-eabi/lib/armv7e-m\libg.a(lib_a-freer.o)

.debug_frame    0x00000000     0x16a0
 .debug_frame   0x00000000      0x248 ..\obj\tm_stm32f4_hd44780.o
 .debug_frame   0x00000248      0x438 ..\obj\stm32f4_discovery_audio_codec.o
 .debug_frame   0x00000680      0x1ec ..\obj\stm32f4xx_dac.o
 .debug_frame   0x0000086c       0x48 ..\obj\startup_stm32f4xx.o
 .debug_frame   0x000008b4      0x124 ..\obj\main.o
 .debug_frame   0x000009d8       0x8c ..\obj\tm_stm32f4_button.o
 .debug_frame   0x00000a64       0x6c ..\obj\tm_stm32f4_hcsr04.o
 .debug_frame   0x00000ad0      0x180 ..\obj\tm_stm32f4_delay.o
 .debug_frame   0x00000c50       0x64 ..\obj\system_stm32f4xx.o
 .debug_frame   0x00000cb4      0x228 ..\obj\syscalls.o
 .debug_frame   0x00000edc      0x224 ..\obj\stm32f4xx_dma.o
 .debug_frame   0x00001100       0x44 ..\obj\stm32f4_discovery_callbacks.o
 .debug_frame   0x00001144      0x2d0 ..\obj\stm32f4xx_spi.o
 .debug_frame   0x00001414      0x184 ..\obj\tm_stm32f4_gpio.o
 .debug_frame   0x00001598       0x20 c:/program files (x86)/gnu tools arm embedded/4.8 2014q3/bin/../lib/gcc/arm-none-eabi/4.8.4/../../../../arm-none-eabi/lib/armv7e-m\libg.a(lib_a-errno.o)
 .debug_frame   0x000015b8       0x30 c:/program files (x86)/gnu tools arm embedded/4.8 2014q3/bin/../lib/gcc/arm-none-eabi/4.8.4/../../../../arm-none-eabi/lib/armv7e-m\libg.a(lib_a-malloc.o)
 .debug_frame   0x000015e8       0x38 c:/program files (x86)/gnu tools arm embedded/4.8 2014q3/bin/../lib/gcc/arm-none-eabi/4.8.4/../../../../arm-none-eabi/lib/armv7e-m\libg.a(lib_a-mallocr.o)
 .debug_frame   0x00001620       0x30 c:/program files (x86)/gnu tools arm embedded/4.8 2014q3/bin/../lib/gcc/arm-none-eabi/4.8.4/../../../../arm-none-eabi/lib/armv7e-m\libg.a(lib_a-mlock.o)
 .debug_frame   0x00001650       0x50 c:/program files (x86)/gnu tools arm embedded/4.8 2014q3/bin/../lib/gcc/arm-none-eabi/4.8.4/../../../../arm-none-eabi/lib/armv7e-m\libg.a(lib_a-freer.o)
